Fri Apr 17 02:39:57 2026  
Fri Apr 17 02:39:57 2026  
Fri Apr 17 02:39:57 2026  Msieve v. 1.46
Fri Apr 17 02:39:57 2026  random seeds: 563c3e04 00c926fe
Fri Apr 17 02:39:57 2026  factoring 279021867995652363957957838280904727284697439486407420048581889 (63 digits)
Fri Apr 17 02:39:57 2026  no P-1/P+1/ECM available, skipping
Fri Apr 17 02:39:57 2026  commencing quadratic sieve (63-digit input)
Fri Apr 17 02:39:57 2026  using multiplier of 1
Fri Apr 17 02:39:57 2026  using generic 32kb sieve core
Fri Apr 17 02:39:57 2026  sieve interval: 10 blocks of size 32768
Fri Apr 17 02:39:57 2026  processing polynomials in batches of 21
Fri Apr 17 02:39:57 2026  using a sieve bound of 95003 (4600 primes)
Fri Apr 17 02:39:57 2026  using large prime bound of 4750150 (22 bits)
Fri Apr 17 02:39:57 2026  using trial factoring cutoff of 22 bits
Fri Apr 17 02:39:57 2026  polynomial 'A' values have 8 factors
Fri Apr 17 02:39:59 2026  5262 relations (2499 full + 2763 combined from 22377 partial), need 4696
Fri Apr 17 02:39:59 2026  begin with 24876 relations
Fri Apr 17 02:39:59 2026  reduce to 7634 relations in 2 passes
Fri Apr 17 02:39:59 2026  attempting to read 7634 relations
Fri Apr 17 02:39:59 2026  recovered 7634 relations
Fri Apr 17 02:39:59 2026  recovered 4607 polynomials
Fri Apr 17 02:39:59 2026  attempting to build 5262 cycles
Fri Apr 17 02:39:59 2026  found 5262 cycles in 1 passes
Fri Apr 17 02:39:59 2026  distribution of cycle lengths:
Fri Apr 17 02:39:59 2026     length 1 : 2499
Fri Apr 17 02:39:59 2026     length 2 : 2763
Fri Apr 17 02:39:59 2026  largest cycle: 2 relations
Fri Apr 17 02:39:59 2026  matrix is 4600 x 5262 (0.7 MB) with weight 142470 (27.08/col)
Fri Apr 17 02:39:59 2026  sparse part has weight 142470 (27.08/col)
Fri Apr 17 02:39:59 2026  filtering completed in 4 passes
Fri Apr 17 02:39:59 2026  matrix is 4164 x 4228 (0.5 MB) with weight 108116 (25.57/col)
Fri Apr 17 02:39:59 2026  sparse part has weight 108116 (25.57/col)
Fri Apr 17 02:39:59 2026  commencing Lanczos iteration
Fri Apr 17 02:39:59 2026  memory use: 0.8 MB
Fri Apr 17 02:39:59 2026  lanczos halted after 67 iterations (dim = 4159)
Fri Apr 17 02:39:59 2026  recovered 61 nontrivial dependencies
Fri Apr 17 02:39:59 2026  prp32 factor: 16012299918050281964247679744217
Fri Apr 17 02:39:59 2026  prp32 factor: 17425471008141541172432059200617
Fri Apr 17 02:39:59 2026  elapsed time 00:00:02
Fri Apr 17 02:40:27 2026  
Fri Apr 17 02:40:27 2026  
Fri Apr 17 02:40:27 2026  Msieve v. 1.46
Fri Apr 17 02:40:27 2026  random seeds: 69f4d97d 5da08192
Fri Apr 17 02:40:27 2026  factoring 13184371594154652450491900606374357179190957432950516477758352263 (65 digits)
Fri Apr 17 02:40:27 2026  no P-1/P+1/ECM available, skipping
Fri Apr 17 02:40:27 2026  commencing quadratic sieve (65-digit input)
Fri Apr 17 02:40:27 2026  using multiplier of 23
Fri Apr 17 02:40:27 2026  using generic 32kb sieve core
Fri Apr 17 02:40:27 2026  sieve interval: 12 blocks of size 32768
Fri Apr 17 02:40:27 2026  processing polynomials in batches of 17
Fri Apr 17 02:40:27 2026  using a sieve bound of 125497 (5801 primes)
Fri Apr 17 02:40:27 2026  using large prime bound of 6902335 (22 bits)
Fri Apr 17 02:40:27 2026  using trial factoring cutoff of 23 bits
Fri Apr 17 02:40:27 2026  polynomial 'A' values have 8 factors
Fri Apr 17 02:40:35 2026  6537 relations (2895 full + 3642 combined from 30322 partial), need 5897
Fri Apr 17 02:40:35 2026  begin with 33217 relations
Fri Apr 17 02:40:35 2026  reduce to 9703 relations in 2 passes
Fri Apr 17 02:40:35 2026  attempting to read 9703 relations
Fri Apr 17 02:40:35 2026  recovered 9703 relations
Fri Apr 17 02:40:35 2026  recovered 7753 polynomials
Fri Apr 17 02:40:35 2026  attempting to build 6537 cycles
Fri Apr 17 02:40:35 2026  found 6537 cycles in 1 passes
Fri Apr 17 02:40:35 2026  distribution of cycle lengths:
Fri Apr 17 02:40:35 2026     length 1 : 2895
Fri Apr 17 02:40:35 2026     length 2 : 3642
Fri Apr 17 02:40:35 2026  largest cycle: 2 relations
Fri Apr 17 02:40:35 2026  matrix is 5801 x 6537 (0.9 MB) with weight 179407 (27.44/col)
Fri Apr 17 02:40:35 2026  sparse part has weight 179407 (27.44/col)
Fri Apr 17 02:40:35 2026  filtering completed in 4 passes
Fri Apr 17 02:40:35 2026  matrix is 5341 x 5405 (0.7 MB) with weight 141686 (26.21/col)
Fri Apr 17 02:40:35 2026  sparse part has weight 141686 (26.21/col)
Fri Apr 17 02:40:35 2026  commencing Lanczos iteration
Fri Apr 17 02:40:35 2026  memory use: 1.0 MB
Fri Apr 17 02:40:35 2026  lanczos halted after 86 iterations (dim = 5335)
Fri Apr 17 02:40:35 2026  recovered 61 nontrivial dependencies
Fri Apr 17 02:40:35 2026  prp32 factor: 88986480034845477549263868732127
Fri Apr 17 02:40:35 2026  prp33 factor: 148161513850102776803433471636569
Fri Apr 17 02:40:35 2026  elapsed time 00:00:08
Fri Apr 17 03:02:34 2026  
Fri Apr 17 03:02:34 2026  
Fri Apr 17 03:02:34 2026  Msieve v. 1.46
Fri Apr 17 03:02:34 2026  random seeds: d07ded4b 75cdd77c
Fri Apr 17 03:02:34 2026  factoring 314384343847316947584983441610309378401974789379357993964052363 (63 digits)
Fri Apr 17 03:02:34 2026  no P-1/P+1/ECM available, skipping
Fri Apr 17 03:02:34 2026  commencing quadratic sieve (63-digit input)
Fri Apr 17 03:02:34 2026  using multiplier of 3
Fri Apr 17 03:02:34 2026  using generic 32kb sieve core
Fri Apr 17 03:02:34 2026  sieve interval: 10 blocks of size 32768
Fri Apr 17 03:02:34 2026  processing polynomials in batches of 21
Fri Apr 17 03:02:34 2026  using a sieve bound of 96527 (4541 primes)
Fri Apr 17 03:02:34 2026  using large prime bound of 4826350 (22 bits)
Fri Apr 17 03:02:34 2026  using trial factoring cutoff of 22 bits
Fri Apr 17 03:02:34 2026  polynomial 'A' values have 8 factors
Fri Apr 17 03:02:36 2026  4947 relations (2389 full + 2558 combined from 21507 partial), need 4637
Fri Apr 17 03:02:36 2026  begin with 23896 relations
Fri Apr 17 03:02:36 2026  reduce to 7157 relations in 2 passes
Fri Apr 17 03:02:36 2026  attempting to read 7157 relations
Fri Apr 17 03:02:36 2026  recovered 7157 relations
Fri Apr 17 03:02:36 2026  recovered 4955 polynomials
Fri Apr 17 03:02:36 2026  attempting to build 4947 cycles
Fri Apr 17 03:02:36 2026  found 4947 cycles in 1 passes
Fri Apr 17 03:02:36 2026  distribution of cycle lengths:
Fri Apr 17 03:02:36 2026     length 1 : 2389
Fri Apr 17 03:02:36 2026     length 2 : 2558
Fri Apr 17 03:02:36 2026  largest cycle: 2 relations
Fri Apr 17 03:02:36 2026  matrix is 4541 x 4947 (0.7 MB) with weight 135116 (27.31/col)
Fri Apr 17 03:02:36 2026  sparse part has weight 135116 (27.31/col)
Fri Apr 17 03:02:36 2026  filtering completed in 4 passes
Fri Apr 17 03:02:36 2026  matrix is 4095 x 4159 (0.5 MB) with weight 109097 (26.23/col)
Fri Apr 17 03:02:36 2026  sparse part has weight 109097 (26.23/col)
Fri Apr 17 03:02:36 2026  commencing Lanczos iteration
Fri Apr 17 03:02:36 2026  memory use: 0.8 MB
Fri Apr 17 03:02:36 2026  lanczos halted after 66 iterations (dim = 4092)
Fri Apr 17 03:02:36 2026  recovered 64 nontrivial dependencies
Fri Apr 17 03:02:36 2026  prp32 factor: 14325704763637957717475873102983
Fri Apr 17 03:02:36 2026  prp32 factor: 21945471377108029317294642448861
Fri Apr 17 03:02:36 2026  elapsed time 00:00:02
Fri Apr 17 05:27:20 2026  
Fri Apr 17 05:27:20 2026  
Fri Apr 17 05:27:20 2026  Msieve v. 1.46
Fri Apr 17 05:27:20 2026  random seeds: 942a64e5 a7772e8a
Fri Apr 17 05:27:20 2026  factoring 16267287902188300549314112993317693862733382594393738518798791 (62 digits)
Fri Apr 17 05:27:20 2026  no P-1/P+1/ECM available, skipping
Fri Apr 17 05:27:20 2026  commencing quadratic sieve (62-digit input)
Fri Apr 17 05:27:20 2026  using multiplier of 7
Fri Apr 17 05:27:20 2026  using generic 32kb sieve core
Fri Apr 17 05:27:20 2026  sieve interval: 7 blocks of size 32768
Fri Apr 17 05:27:20 2026  processing polynomials in batches of 29
Fri Apr 17 05:27:20 2026  using a sieve bound of 78121 (3800 primes)
Fri Apr 17 05:27:20 2026  using large prime bound of 3906050 (21 bits)
Fri Apr 17 05:27:20 2026  using trial factoring cutoff of 22 bits
Fri Apr 17 05:27:20 2026  polynomial 'A' values have 8 factors
Fri Apr 17 05:27:23 2026  4343 relations (1858 full + 2485 combined from 20047 partial), need 3896
Fri Apr 17 05:27:23 2026  begin with 21905 relations
Fri Apr 17 05:27:23 2026  reduce to 6467 relations in 2 passes
Fri Apr 17 05:27:23 2026  attempting to read 6467 relations
Fri Apr 17 05:27:23 2026  recovered 6467 relations
Fri Apr 17 05:27:23 2026  recovered 5548 polynomials
Fri Apr 17 05:27:23 2026  attempting to build 4343 cycles
Fri Apr 17 05:27:23 2026  found 4343 cycles in 1 passes
Fri Apr 17 05:27:23 2026  distribution of cycle lengths:
Fri Apr 17 05:27:23 2026     length 1 : 1858
Fri Apr 17 05:27:23 2026     length 2 : 2485
Fri Apr 17 05:27:23 2026  largest cycle: 2 relations
Fri Apr 17 05:27:23 2026  matrix is 3800 x 4343 (0.6 MB) with weight 118399 (27.26/col)
Fri Apr 17 05:27:23 2026  sparse part has weight 118399 (27.26/col)
Fri Apr 17 05:27:23 2026  filtering completed in 4 passes
Fri Apr 17 05:27:23 2026  matrix is 3550 x 3614 (0.5 MB) with weight 93899 (25.98/col)
Fri Apr 17 05:27:23 2026  sparse part has weight 93899 (25.98/col)
Fri Apr 17 05:27:23 2026  commencing Lanczos iteration
Fri Apr 17 05:27:23 2026  memory use: 0.7 MB
Fri Apr 17 05:27:23 2026  lanczos halted after 57 iterations (dim = 3547)
Fri Apr 17 05:27:23 2026  recovered 63 nontrivial dependencies
Fri Apr 17 05:27:23 2026  prp31 factor: 1830182667368170357915910256317
Fri Apr 17 05:27:23 2026  prp31 factor: 8888341143335654161396073485523
Fri Apr 17 05:27:23 2026  elapsed time 00:00:03
