\BOOKMARK [-1][-]{part.1}{\376\377\000I\000\040\000F\000o\000u\000n\000d\000a\000t\000i\000o\000n\000s\000\040\000\046\000\040\000S\000t\000e\000r\000e\000o\000g\000r\000a\000p\000h\000i\000c\000\040\000P\000r\000o\000j\000e\000c\000t\000i\000o\000n}{}% 1
\BOOKMARK [0][-]{chapter.1}{\376\377\000[\000S\000c\000i\000A\000m\000]\000\040\000T\000h\000e\000\040\000U\000n\000i\000v\000e\000r\000s\000e\000\040\000I\000n\000s\000i\000d\000e\000\040\000a\000\040\000P\000h\000o\000t\000o\000n}{part.1}% 2
\BOOKMARK [1][-]{section.1.1}{\376\377\000H\000o\000w\000\040\000a\000\040\0002\000,\0000\0000\0000\000-\000Y\000e\000a\000r\000-\000O\000l\000d\000\040\000M\000a\000p\000\040\000R\000e\000v\000e\000a\000l\000s\000\040\000T\000h\000a\000t\000\040\000L\000i\000g\000h\000t\000\040\000M\000i\000g\000h\000t\000\040\000C\000a\000r\000r\000y\000\040\000E\000v\000e\000r\000y\000t\000h\000i\000n\000g}{chapter.1}% 3
\BOOKMARK [1][-]{section.1.2}{\376\377\000T\000h\000e\000\040\000M\000a\000p\000\040\000T\000h\000a\000t\000\040\000F\000o\000l\000d\000s\000\040\000I\000n\000f\000i\000n\000i\000t\000y}{chapter.1}% 4
\BOOKMARK [1][-]{section.1.3}{\376\377\000S\000e\000v\000e\000n\000\040\000C\000h\000a\000n\000n\000e\000l\000s\000\040\000o\000f\000\040\000L\000i\000g\000h\000t}{chapter.1}% 5
\BOOKMARK [1][-]{section.1.4}{\376\377\000W\000h\000e\000n\000\040\000Y\000o\000u\000\040\000L\000o\000o\000k\000,\000\040\000T\000h\000i\000n\000g\000s\000\040\000F\000a\000l\000l\000\040\000A\000p\000a\000r\000t\000\040\040\024\000\040\000I\000n\000t\000o\000\040\000P\000a\000r\000t\000i\000c\000l\000e\000s}{chapter.1}% 6
\BOOKMARK [1][-]{section.1.5}{\376\377\000T\000h\000e\000\040\000P\000y\000t\000h\000a\000g\000o\000r\000e\000a\000n\000\040\000T\000h\000r\000e\000a\000d}{chapter.1}% 7
\BOOKMARK [1][-]{section.1.6}{\376\377\000O\000n\000e\000\040\000M\000a\000p\000\040\000t\000o\000\040\000R\000u\000l\000e\000\040\000T\000h\000e\000m\000\040\000A\000l\000l}{chapter.1}% 8
\BOOKMARK [1][-]{section.1.7}{\376\377\000M\000a\000c\000h\000i\000n\000e\000-\000V\000e\000r\000i\000f\000i\000e\000d\000\040\000T\000r\000u\000t\000h}{chapter.1}% 9
\BOOKMARK [1][-]{section.1.8}{\376\377\000T\000h\000e\000\040\000O\000r\000a\000c\000l\000e\000\040\000S\000p\000e\000a\000k\000s}{chapter.1}% 10
\BOOKMARK [1][-]{section.1.9}{\376\377\000W\000h\000a\000t\000'\000s\000\040\000N\000e\000x\000t}{chapter.1}% 11
\BOOKMARK [0][-]{chapter.2}{\376\377\000[\000R\000e\000s\000e\000a\000r\000c\000h\000]\000\040\000T\000h\000e\000\040\000I\000n\000v\000e\000r\000s\000e\000\040\000S\000t\000e\000r\000e\000o\000g\000r\000a\000p\000h\000i\000c\000\040\000U\000n\000i\000v\000e\000r\000s\000e\000:\000\040\000A\000\040\000F\000o\000r\000m\000a\000l\000l\000y\000\040\000V\000e\000r\000i\000f\000i\000e\000d\000\040\000F\000r\000a\000m\000e\000w\000o\000r\000k\000\040\000f\000o\000r\000\040\000P\000h\000o\000t\000o\000n\000i\000c\000\040\000U\000n\000i\000v\000e\000r\000s\000a\000l\000\040\000E\000n\000c\000o\000d\000i\000n\000g\000\040\000a\000n\000d\000\040\000P\000a\000r\000t\000i\000c\000l\000e\000\040\000E\000m\000e\000r\000g\000e\000n\000c\000e\000\040\000v\000i\000a\000\040\000A\000r\000i\000t\000h\000m\000e\000t\000i\000c\000\040\000F\000a\000c\000t\000o\000r\000i\000z\000a\000t\000i\000o\000n}{part.1}% 12
\BOOKMARK [1][-]{section.2.1}{\376\377\000P\000r\000o\000j\000e\000c\000t\000\040\000P\000R\000I\000S\000M\000\040\040\024\000\040\000P\000h\000o\000t\000o\000n\000\040\000R\000e\000a\000l\000i\000z\000a\000t\000i\000o\000n\000\040\000v\000i\000a\000\040\000I\000n\000v\000e\000r\000s\000e\000\040\000S\000t\000e\000r\000e\000o\000g\000r\000a\000p\000h\000i\000c\000\040\000M\000a\000p\000p\000i\000n\000g}{chapter.2}% 13
\BOOKMARK [1][-]{section.2.2}{\376\377\000A\000b\000s\000t\000r\000a\000c\000t}{chapter.2}% 14
\BOOKMARK [1][-]{section.2.3}{\376\377\0001\000.\000\040\000I\000n\000t\000r\000o\000d\000u\000c\000t\000i\000o\000n}{chapter.2}% 15
\BOOKMARK [2][-]{subsection.2.3.1}{\376\377\0001\000.\0001\000\040\000T\000h\000e\000\040\000C\000e\000n\000t\000r\000a\000l\000\040\000Q\000u\000e\000s\000t\000i\000o\000n}{section.2.3}% 16
\BOOKMARK [2][-]{subsection.2.3.2}{\376\377\0001\000.\0002\000\040\000T\000h\000e\000\040\000F\000a\000c\000t\000o\000r\000i\000z\000a\000t\000i\000o\000n\000\040\000H\000y\000p\000o\000t\000h\000e\000s\000i\000s}{section.2.3}% 17
\BOOKMARK [2][-]{subsection.2.3.3}{\376\377\0001\000.\0003\000\040\000O\000r\000g\000a\000n\000i\000z\000a\000t\000i\000o\000n}{section.2.3}% 18
\BOOKMARK [1][-]{section.2.4}{\376\377\0002\000.\000\040\000T\000h\000e\000\040\000E\000n\000c\000o\000d\000i\000n\000g\000\040\000F\000r\000a\000m\000e\000w\000o\000r\000k}{chapter.2}% 19
\BOOKMARK [2][-]{subsection.2.4.1}{\376\377\0002\000.\0001\000\040\000I\000n\000v\000e\000r\000s\000e\000\040\000S\000t\000e\000r\000e\000o\000g\000r\000a\000p\000h\000i\000c\000\040\000P\000r\000o\000j\000e\000c\000t\000i\000o\000n}{section.2.4}% 20
\BOOKMARK [2][-]{subsection.2.4.2}{\376\377\0002\000.\0002\000\040\000H\000i\000g\000h\000e\000r\000-\000D\000i\000m\000e\000n\000s\000i\000o\000n\000a\000l\000\040\000E\000n\000c\000o\000d\000i\000n\000g\000s}{section.2.4}% 21
\BOOKMARK [2][-]{subsection.2.4.3}{\376\377\0002\000.\0003\000\040\000C\000o\000n\000f\000o\000r\000m\000a\000l\000i\000t\000y}{section.2.4}% 22
\BOOKMARK [1][-]{section.2.5}{\376\377\0003\000.\000\040\000T\000h\000e\000\040\000F\000a\000c\000t\000o\000r\000i\000z\000a\000t\000i\000o\000n\000\040\000T\000h\000e\000o\000r\000y\000:\000\040\000P\000a\000r\000t\000i\000c\000l\000e\000s\000\040\000f\000r\000o\000m\000\040\000A\000r\000i\000t\000h\000m\000e\000t\000i\000c}{chapter.2}% 23
\BOOKMARK [2][-]{subsection.2.5.1}{\376\377\0003\000.\0001\000\040\000T\000h\000e\000\040\000S\000t\000e\000r\000e\000o\000g\000r\000a\000p\000h\000i\000c\000\040\000D\000e\000n\000o\000m\000i\000n\000a\000t\000o\000r}{section.2.5}% 24
\BOOKMARK [2][-]{subsection.2.5.2}{\376\377\0003\000.\0002\000\040\000G\000a\000u\000s\000s\000i\000a\000n\000\040\000I\000n\000t\000e\000g\000e\000r\000\040\000F\000a\000c\000t\000o\000r\000i\000z\000a\000t\000i\000o\000n}{section.2.5}% 25
\BOOKMARK [2][-]{subsection.2.5.3}{\376\377\0003\000.\0003\000\040\000T\000h\000e\000\040\000P\000a\000r\000t\000i\000c\000l\000e\000\040\000S\000p\000e\000c\000t\000r\000u\000m}{section.2.5}% 26
\BOOKMARK [2][-]{subsection.2.5.4}{\376\377\0003\000.\0004\000\040\000C\000o\000n\000s\000e\000r\000v\000a\000t\000i\000o\000n\000\040\000L\000a\000w}{section.2.5}% 27
\BOOKMARK [2][-]{subsection.2.5.5}{\376\377\0003\000.\0005\000\040\000T\000h\000e\000\040\000P\000y\000t\000h\000a\000g\000o\000r\000e\000a\000n\000\040\000C\000o\000n\000n\000e\000c\000t\000i\000o\000n}{section.2.5}% 28
\BOOKMARK [1][-]{section.2.6}{\376\377\0004\000.\000\040\000P\000h\000o\000t\000o\000n\000\040\000C\000h\000a\000n\000n\000e\000l\000\040\000C\000a\000p\000a\000c\000i\000t\000y}{chapter.2}% 29
\BOOKMARK [2][-]{subsection.2.6.1}{\376\377\0004\000.\0001\000\040\000T\000h\000e\000\040\000S\000e\000v\000e\000n\000\040\000C\000h\000a\000n\000n\000e\000l\000s}{section.2.6}% 30
\BOOKMARK [2][-]{subsection.2.6.2}{\376\377\0004\000.\0002\000\040\000I\000n\000f\000o\000r\000m\000a\000t\000i\000o\000n\000\040\000C\000a\000p\000a\000c\000i\000t\000y}{section.2.6}% 31
\BOOKMARK [1][-]{section.2.7}{\376\377\0005\000.\000\040\000T\000h\000e\000\040\000H\000o\000l\000o\000g\000r\000a\000p\000h\000i\000c\000\040\000C\000o\000n\000n\000e\000c\000t\000i\000o\000n}{chapter.2}% 32
\BOOKMARK [2][-]{subsection.2.7.1}{\376\377\0005\000.\0001\000\040\000W\000h\000y\000\040\000t\000h\000e\000\040\000E\000n\000c\000o\000d\000i\000n\000g\000\040\000W\000o\000r\000k\000s}{section.2.7}% 33
\BOOKMARK [2][-]{subsection.2.7.2}{\376\377\0005\000.\0002\000\040\000T\000h\000e\000\040\000D\000i\000m\000e\000n\000s\000i\000o\000n\000a\000l\000\040\000L\000a\000d\000d\000e\000r}{section.2.7}% 34
\BOOKMARK [1][-]{section.2.8}{\376\377\0006\000.\000\040\000T\000h\000e\000\040\000C\000a\000y\000l\000e\000y\000\040\000T\000r\000a\000n\000s\000f\000o\000r\000m\000:\000\040\000U\000n\000i\000f\000i\000c\000a\000t\000i\000o\000n}{chapter.2}% 35
\BOOKMARK [2][-]{subsection.2.8.1}{\376\377\0006\000.\0001\000\040\000O\000n\000e\000\040\000M\000a\000p\000,\000\040\000M\000a\000n\000y\000\040\000F\000a\000c\000e\000s}{section.2.8}% 36
\BOOKMARK [2][-]{subsection.2.8.2}{\376\377\0006\000.\0002\000\040\000T\000h\000e\000\040\000C\000a\000y\000l\000e\000y\000\040\000T\000r\000a\000n\000s\000f\000o\000r\000m\000\040\000i\000n\000\040\000P\000h\000y\000s\000i\000c\000s}{section.2.8}% 37
\BOOKMARK [1][-]{section.2.9}{\376\377\0007\000.\000\040\000S\000y\000m\000m\000e\000t\000r\000i\000e\000s}{chapter.2}% 38
\BOOKMARK [2][-]{subsection.2.9.1}{\376\377\0007\000.\0001\000\040\000Z\040\202\000\040\000S\000y\000m\000m\000e\000t\000r\000y\000\040\000\050\000M\000a\000t\000t\000e\000r\000-\000A\000n\000t\000i\000m\000a\000t\000t\000e\000r\000\051}{section.2.9}% 39
\BOOKMARK [2][-]{subsection.2.9.2}{\376\377\0007\000.\0002\000\040\000I\000n\000v\000e\000r\000s\000i\000o\000n\000\040\000S\000y\000m\000m\000e\000t\000r\000y\000\040\000\050\000D\000u\000a\000l\000i\000t\000y\000\051}{section.2.9}% 40
\BOOKMARK [1][-]{section.2.10}{\376\377\0008\000.\000\040\000O\000r\000a\000c\000l\000e\000\040\000C\000o\000n\000s\000u\000l\000t\000a\000t\000i\000o\000n\000\040\000a\000n\000d\000\040\000O\000p\000e\000n\000\040\000Q\000u\000e\000s\000t\000i\000o\000n\000s}{chapter.2}% 41
\BOOKMARK [2][-]{subsection.2.10.1}{\376\377\0008\000.\0001\000\040\000O\000r\000a\000c\000l\000e\000\040\000R\000e\000s\000p\000o\000n\000s\000e\000s}{section.2.10}% 42
\BOOKMARK [2][-]{subsection.2.10.2}{\376\377\0008\000.\0002\000\040\000O\000p\000e\000n\000\040\000Q\000u\000e\000s\000t\000i\000o\000n\000s}{section.2.10}% 43
\BOOKMARK [1][-]{section.2.11}{\376\377\0009\000.\000\040\000F\000o\000r\000m\000a\000l\000\040\000V\000e\000r\000i\000f\000i\000c\000a\000t\000i\000o\000n\000\040\000S\000u\000m\000m\000a\000r\000y}{chapter.2}% 44
\BOOKMARK [2][-]{subsection.2.11.1}{\376\377\000T\000h\000e\000o\000r\000e\000m\000\040\000C\000o\000u\000n\000t\000\040\000b\000y\000\040\000C\000a\000t\000e\000g\000o\000r\000y}{section.2.11}% 45
\BOOKMARK [2][-]{subsection.2.11.2}{\376\377\000F\000i\000l\000e\000s}{section.2.11}% 46
\BOOKMARK [1][-]{section.2.12}{\376\377\0001\0000\000.\000\040\000C\000o\000n\000c\000l\000u\000s\000i\000o\000n}{chapter.2}% 47
\BOOKMARK [1][-]{section.2.13}{\376\377\000R\000e\000f\000e\000r\000e\000n\000c\000e\000s}{chapter.2}% 48
\BOOKMARK [0][-]{chapter.3}{\376\377\000[\000S\000c\000i\000A\000m\000]\000\040\000T\000h\000e\000\040\000M\000a\000t\000h\000e\000m\000a\000t\000i\000c\000a\000l\000\040\000O\000r\000a\000c\000l\000e\000\040\000T\000h\000a\000t\000\040\000S\000e\000e\000s\000\040\000T\000h\000r\000o\000u\000g\000h\000\040\000F\000l\000a\000t\000l\000a\000n\000d}{part.1}% 49
\BOOKMARK [1][-]{section.3.1}{\376\377\000H\000o\000w\000\040\000a\000\040\0002\000,\0000\0000\0000\000-\000Y\000e\000a\000r\000-\000O\000l\000d\000\040\000M\000a\000p\000\040\000R\000e\000v\000e\000a\000l\000s\000\040\000H\000i\000d\000d\000e\000n\000\040\000S\000o\000l\000u\000t\000i\000o\000n\000s\000\040\000b\000y\000\040\000P\000r\000o\000j\000e\000c\000t\000i\000n\000g\000\040\000P\000r\000o\000b\000l\000e\000m\000s\000\040\000o\000n\000t\000o\000\040\000a\000\040\000S\000p\000h\000e\000r\000e}{chapter.3}% 50
\BOOKMARK [1][-]{section.3.2}{\376\377\000T\000h\000e\000\040\000O\000r\000a\000c\000l\000e\000:\000\040\000A\000s\000k\000\040\000O\000n\000c\000e\000,\000\040\000K\000n\000o\000w\000\040\000F\000o\000r\000e\000v\000e\000r}{chapter.3}% 51
\BOOKMARK [1][-]{section.3.3}{\376\377\000T\000h\000e\000\040\000L\000e\000n\000s\000:\000\040\000F\000l\000a\000t\000t\000e\000n\000i\000n\000g\000\040\000t\000h\000e\000\040\000S\000p\000h\000e\000r\000e\000,\000\040\000C\000u\000r\000v\000i\000n\000g\000\040\000t\000h\000e\000\040\000L\000i\000n\000e}{chapter.3}% 52
\BOOKMARK [1][-]{section.3.4}{\376\377\000T\000h\000e\000\040\000R\000a\000t\000i\000o\000n\000a\000l\000\040\000O\000r\000a\000c\000l\000e\000:\000\040\000W\000h\000e\000r\000e\000\040\000G\000e\000o\000m\000e\000t\000r\000y\000\040\000M\000e\000e\000t\000s\000\040\000N\000u\000m\000b\000e\000r\000\040\000T\000h\000e\000o\000r\000y}{chapter.3}% 53
\BOOKMARK [1][-]{section.3.5}{\376\377\000T\000h\000e\000\040\000F\000r\000o\000z\000e\000n\000\040\000C\000r\000y\000s\000t\000a\000l\000:\000\040\000W\000h\000e\000r\000e\000\040\000S\000o\000l\000u\000t\000i\000o\000n\000s\000\040\000L\000i\000v\000e}{chapter.3}% 54
\BOOKMARK [1][-]{section.3.6}{\376\377\000T\000h\000e\000\040\000M\000\366\000b\000i\000u\000s\000\040\000S\000y\000m\000m\000e\000t\000r\000y\000:\000\040\000T\000h\000e\000\040\000U\000n\000i\000v\000e\000r\000s\000e\000'\000s\000\040\000H\000i\000d\000d\000e\000n\000\040\000G\000e\000o\000m\000e\000t\000r\000y}{chapter.3}% 55
\BOOKMARK [1][-]{section.3.7}{\376\377\000T\000h\000e\000\040\000G\000r\000a\000n\000d\000\040\000T\000h\000e\000o\000r\000e\000m\000:\000\040\000W\000h\000y\000\040\000I\000t\000\040\000A\000l\000l\000\040\000W\000o\000r\000k\000s}{chapter.3}% 56
\BOOKMARK [1][-]{section.3.8}{\376\377\000M\000a\000c\000h\000i\000n\000e\000-\000V\000e\000r\000i\000f\000i\000e\000d\000\040\000M\000a\000t\000h\000e\000m\000a\000t\000i\000c\000s\000:\000\040\000Z\000e\000r\000o\000\040\000D\000o\000u\000b\000t}{chapter.3}% 57
\BOOKMARK [1][-]{section.3.9}{\376\377\000W\000h\000a\000t\000'\000s\000\040\000N\000e\000x\000t\000?}{chapter.3}% 58
\BOOKMARK [0][-]{chapter.4}{\376\377\000[\000R\000e\000s\000e\000a\000r\000c\000h\000]\000\040\000T\000h\000e\000\040\000O\000r\000a\000c\000l\000e\000-\000S\000t\000e\000r\000e\000o\000g\000r\000a\000p\000h\000i\000c\000\040\000S\000o\000l\000u\000t\000i\000o\000n\000\040\000L\000e\000n\000s\000:\000\040\000I\000n\000v\000e\000r\000s\000e\000\040\000P\000r\000o\000j\000e\000c\000t\000i\000n\000g\000\040\000P\000r\000o\000b\000l\000e\000m\000s\000\040\000i\000n\000t\000o\000\040\000t\000h\000e\000\040\000U\000n\000i\000v\000e\000r\000s\000e\000'\000s\000\040\000F\000r\000o\000z\000e\000n\000\040\000T\000r\000u\000t\000h\000\040\000S\000p\000a\000c\000e}{part.1}% 59
\BOOKMARK [1][-]{section.4.1}{\376\377\000A\000\040\000F\000o\000r\000m\000a\000l\000l\000y\000\040\000V\000e\000r\000i\000f\000i\000e\000d\000\040\000F\000r\000a\000m\000e\000w\000o\000r\000k\000\040\000f\000o\000r\000\040\000P\000r\000o\000b\000l\000e\000m\000\040\000T\000r\000a\000n\000s\000f\000o\000r\000m\000a\000t\000i\000o\000n\000\040\000v\000i\000a\000\040\000I\000d\000e\000m\000p\000o\000t\000e\000n\000t\000\040\000O\000p\000e\000r\000a\000t\000o\000r\000s\000\040\000a\000n\000d\000\040\000C\000o\000n\000f\000o\000r\000m\000a\000l\000\040\000G\000e\000o\000m\000e\000t\000r\000y}{chapter.4}% 60
\BOOKMARK [1][-]{section.4.2}{\376\377\0001\000.\000\040\000I\000n\000t\000r\000o\000d\000u\000c\000t\000i\000o\000n}{chapter.4}% 61
\BOOKMARK [2][-]{subsection.4.2.1}{\376\377\0001\000.\0001\000\040\000T\000h\000e\000\040\000P\000r\000o\000b\000l\000e\000m\000\040\000o\000f\000\040\000P\000r\000o\000b\000l\000e\000m\000\040\000F\000o\000r\000m\000u\000l\000a\000t\000i\000o\000n}{section.4.2}% 62
\BOOKMARK [2][-]{subsection.4.2.2}{\376\377\0001\000.\0002\000\040\000M\000a\000i\000n\000\040\000R\000e\000s\000u\000l\000t\000s}{section.4.2}% 63
\BOOKMARK [1][-]{section.4.3}{\376\377\0002\000.\000\040\000O\000r\000a\000c\000l\000e\000\040\000F\000o\000u\000n\000d\000a\000t\000i\000o\000n\000s}{chapter.4}% 64
\BOOKMARK [2][-]{subsection.4.3.1}{\376\377\0002\000.\0001\000\040\000D\000e\000f\000i\000n\000i\000t\000i\000o\000n\000s}{section.4.3}% 65
\BOOKMARK [2][-]{subsection.4.3.2}{\376\377\0002\000.\0002\000\040\000F\000u\000n\000d\000a\000m\000e\000n\000t\000a\000l\000\040\000T\000h\000e\000o\000r\000e\000m\000s}{section.4.3}% 66
\BOOKMARK [2][-]{subsection.4.3.3}{\376\377\0002\000.\0003\000\040\000T\000h\000e\000\040\000O\000r\000a\000c\000l\000e\000\040\000L\000a\000t\000t\000i\000c\000e}{section.4.3}% 67
\BOOKMARK [1][-]{section.4.4}{\376\377\0003\000.\000\040\000T\000h\000e\000\040\000S\000t\000e\000r\000e\000o\000g\000r\000a\000p\000h\000i\000c\000\040\000B\000r\000i\000d\000g\000e}{chapter.4}% 68
\BOOKMARK [2][-]{subsection.4.4.1}{\376\377\0003\000.\0001\000\040\000I\000n\000v\000e\000r\000s\000e\000\040\000S\000t\000e\000r\000e\000o\000g\000r\000a\000p\000h\000i\000c\000\040\000P\000r\000o\000j\000e\000c\000t\000i\000o\000n}{section.4.4}% 69
\BOOKMARK [2][-]{subsection.4.4.2}{\376\377\0003\000.\0002\000\040\000B\000o\000u\000n\000d\000s\000\040\000o\000n\000\040\000t\000h\000e\000\040\000I\000m\000a\000g\000e}{section.4.4}% 70
\BOOKMARK [1][-]{section.4.5}{\376\377\0004\000.\000\040\000T\000h\000e\000\040\000R\000a\000t\000i\000o\000n\000a\000l\000\040\000O\000r\000a\000c\000l\000e\000:\000\040\000N\000u\000m\000b\000e\000r\000\040\000T\000h\000e\000o\000r\000y\000\040\000T\000h\000r\000o\000u\000g\000h\000\040\000t\000h\000e\000\040\000L\000e\000n\000s}{chapter.4}% 71
\BOOKMARK [2][-]{subsection.4.5.1}{\376\377\0004\000.\0001\000\040\000P\000y\000t\000h\000a\000g\000o\000r\000e\000a\000n\000\040\000T\000r\000i\000p\000l\000e\000s\000\040\000f\000r\000o\000m\000\040\000S\000t\000e\000r\000e\000o\000g\000r\000a\000p\000h\000i\000c\000\040\000P\000r\000o\000j\000e\000c\000t\000i\000o\000n}{section.4.5}% 72
\BOOKMARK [2][-]{subsection.4.5.2}{\376\377\0004\000.\0002\000\040\000E\000x\000p\000e\000r\000i\000m\000e\000n\000t\000a\000l\000\040\000V\000e\000r\000i\000f\000i\000c\000a\000t\000i\000o\000n}{section.4.5}% 73
\BOOKMARK [2][-]{subsection.4.5.3}{\376\377\0004\000.\0003\000\040\000T\000h\000e\000\040\000B\000r\000a\000h\000m\000a\000g\000u\000p\000t\000a\000-\000F\000i\000b\000o\000n\000a\000c\000c\000i\000\040\000I\000d\000e\000n\000t\000i\000t\000y}{section.4.5}% 74
\BOOKMARK [1][-]{section.4.6}{\376\377\0005\000.\000\040\000T\000h\000e\000\040\000F\000r\000o\000z\000e\000n\000\040\000S\000o\000l\000u\000t\000i\000o\000n\000\040\000C\000r\000y\000s\000t\000a\000l}{chapter.4}% 75
\BOOKMARK [2][-]{subsection.4.6.1}{\376\377\0005\000.\0001\000\040\000C\000r\000y\000s\000t\000a\000l\000l\000i\000z\000a\000t\000i\000o\000n\000\040\000a\000t\000\040\000L\000a\000t\000t\000i\000c\000e\000\040\000P\000o\000i\000n\000t\000s}{section.4.6}% 76
\BOOKMARK [2][-]{subsection.4.6.2}{\376\377\0005\000.\0002\000\040\000L\000a\000t\000t\000i\000c\000e\000\040\000P\000o\000i\000n\000t\000s\000\040\000o\000n\000\040\000C\000i\000r\000c\000l\000e\000s}{section.4.6}% 77
\BOOKMARK [1][-]{section.4.7}{\376\377\0006\000.\000\040\000M\000\366\000b\000i\000u\000s\000\040\000C\000o\000v\000a\000r\000i\000a\000n\000c\000e}{chapter.4}% 78
\BOOKMARK [2][-]{subsection.4.7.1}{\376\377\0006\000.\0001\000\040\000M\000\366\000b\000i\000u\000s\000\040\000T\000r\000a\000n\000s\000f\000o\000r\000m\000a\000t\000i\000o\000n\000s}{section.4.7}% 79
\BOOKMARK [2][-]{subsection.4.7.2}{\376\377\0006\000.\0002\000\040\000T\000h\000e\000\040\000M\000o\000d\000u\000l\000a\000r\000\040\000G\000r\000o\000u\000p}{section.4.7}% 80
\BOOKMARK [1][-]{section.4.8}{\376\377\0007\000.\000\040\000T\000h\000e\000\040\000G\000r\000a\000n\000d\000\040\000S\000y\000n\000t\000h\000e\000s\000i\000s}{chapter.4}% 81
\BOOKMARK [2][-]{subsection.4.8.1}{\376\377\0007\000.\0001\000\040\000T\000h\000e\000\040\000S\000o\000l\000u\000t\000i\000o\000n\000\040\000L\000e\000n\000s\000\040\000T\000h\000e\000o\000r\000e\000m}{section.4.8}% 82
\BOOKMARK [2][-]{subsection.4.8.2}{\376\377\0007\000.\0002\000\040\000T\000h\000e\000\040\000O\000r\000a\000c\000l\000e\000-\000L\000e\000n\000s\000\040\000C\000o\000l\000l\000a\000p\000s\000e}{section.4.8}% 83
\BOOKMARK [2][-]{subsection.4.8.3}{\376\377\0007\000.\0003\000\040\000T\000h\000e\000\040\000F\000r\000o\000z\000e\000n\000\040\000C\000r\000y\000s\000t\000a\000l}{section.4.8}% 84
\BOOKMARK [1][-]{section.4.9}{\376\377\0008\000.\000\040\000N\000e\000w\000\040\000H\000y\000p\000o\000t\000h\000e\000s\000e\000s\000\040\000a\000n\000d\000\040\000F\000u\000t\000u\000r\000e\000\040\000D\000i\000r\000e\000c\000t\000i\000o\000n\000s}{chapter.4}% 85
\BOOKMARK [2][-]{subsection.4.9.1}{\376\377\000H\000y\000p\000o\000t\000h\000e\000s\000i\000s\000\040\000H\0007\000:\000\040\000H\000i\000g\000h\000e\000r\000-\000D\000i\000m\000e\000n\000s\000i\000o\000n\000a\000l\000\040\000G\000e\000n\000e\000r\000a\000l\000i\000z\000a\000t\000i\000o\000n}{section.4.9}% 86
\BOOKMARK [2][-]{subsection.4.9.2}{\376\377\000H\000y\000p\000o\000t\000h\000e\000s\000i\000s\000\040\000H\0008\000:\000\040\000S\000p\000e\000c\000t\000r\000a\000l\000\040\000O\000r\000a\000c\000l\000e\000\040\000D\000e\000n\000s\000i\000t\000y}{section.4.9}% 87
\BOOKMARK [2][-]{subsection.4.9.3}{\376\377\000H\000y\000p\000o\000t\000h\000e\000s\000i\000s\000\040\000H\0009\000:\000\040\000Z\000e\000t\000a\000\040\000F\000u\000n\000c\000t\000i\000o\000n\000\040\000C\000o\000n\000n\000e\000c\000t\000i\000o\000n}{section.4.9}% 88
\BOOKMARK [1][-]{section.4.10}{\376\377\0009\000.\000\040\000F\000o\000r\000m\000a\000l\000\040\000V\000e\000r\000i\000f\000i\000c\000a\000t\000i\000o\000n}{chapter.4}% 89
\BOOKMARK [1][-]{section.4.11}{\376\377\0001\0000\000.\000\040\000C\000o\000n\000c\000l\000u\000s\000i\000o\000n}{chapter.4}% 90
\BOOKMARK [1][-]{section.4.12}{\376\377\000R\000e\000f\000e\000r\000e\000n\000c\000e\000s}{chapter.4}% 91
\BOOKMARK [0][-]{chapter.5}{\376\377\000[\000S\000c\000i\000A\000m\000]\000\040\000T\000h\000e\000\040\000M\000a\000p\000\040\000T\000h\000a\000t\000\040\000M\000a\000p\000s\000\040\000N\000u\000m\000b\000e\000r\000s\000\040\000t\000o\000\040\000N\000u\000m\000b\000e\000r\000s\000:}{part.1}% 92
\BOOKMARK [1][-]{section.5.1}{\376\377\000T\000h\000e\000\040\000O\000l\000d\000e\000s\000t\000\040\000M\000a\000p\000\040\000i\000n\000\040\000M\000a\000t\000h\000e\000m\000a\000t\000i\000c\000s}{chapter.5}% 93
\BOOKMARK [1][-]{section.5.2}{\376\377\000M\000o\000v\000i\000n\000g\000\040\000t\000h\000e\000\040\000F\000l\000a\000s\000h\000l\000i\000g\000h\000t}{chapter.5}% 94
\BOOKMARK [1][-]{section.5.3}{\376\377\000T\000h\000e\000\040\000T\000w\000o\000-\000P\000o\000l\000e\000\040\000D\000a\000n\000c\000e}{chapter.5}% 95
\BOOKMARK [1][-]{section.5.4}{\376\377\000I\000n\000t\000e\000g\000e\000r\000s\000\040\000M\000a\000p\000p\000i\000n\000g\000\040\000t\000o\000\040\000I\000n\000t\000e\000g\000e\000r\000s}{chapter.5}% 96
\BOOKMARK [1][-]{section.5.5}{\376\377\000T\000h\000e\000\040\000C\000o\000n\000t\000r\000o\000l\000l\000e\000r\000:\000\040\000A\000\040\000P\000r\000o\000d\000u\000c\000t\000\040\000o\000f\000\040\000N\000o\000r\000m\000s}{chapter.5}% 97
\BOOKMARK [1][-]{section.5.6}{\376\377\000T\000h\000e\000\040\000G\000a\000u\000s\000s\000i\000a\000n\000\040\000I\000n\000t\000e\000g\000e\000r\000\040\000C\000o\000n\000n\000e\000c\000t\000i\000o\000n}{chapter.5}% 98
\BOOKMARK [1][-]{section.5.7}{\376\377\000T\000h\000e\000\040\000D\000a\000n\000c\000e\000\040\000H\000a\000s\000\040\000P\000e\000r\000i\000o\000d\000\040\0004}{chapter.5}% 99
\BOOKMARK [1][-]{section.5.8}{\376\377\000T\000h\000e\000\040\000B\000r\000a\000h\000m\000a\000g\000u\000p\000t\000a\000-\000F\000i\000b\000o\000n\000a\000c\000c\000i\000\040\000I\000d\000e\000n\000t\000i\000t\000y\000,\000\040\000R\000e\000v\000i\000s\000i\000t\000e\000d}{chapter.5}% 100
\BOOKMARK [1][-]{section.5.9}{\376\377\000M\000a\000c\000h\000i\000n\000e\000-\000V\000e\000r\000i\000f\000i\000e\000d\000\040\000T\000r\000u\000t\000h}{chapter.5}% 101
\BOOKMARK [1][-]{section.5.10}{\376\377\000W\000h\000a\000t\000'\000s\000\040\000N\000e\000x\000t\000?}{chapter.5}% 102
\BOOKMARK [1][-]{section.5.11}{\376\377\000T\000h\000e\000\040\000B\000i\000g\000\040\000P\000i\000c\000t\000u\000r\000e}{chapter.5}% 103
\BOOKMARK [0][-]{chapter.6}{\376\377\000[\000R\000e\000s\000e\000a\000r\000c\000h\000]\000\040\000I\000n\000t\000e\000g\000e\000r\000-\000t\000o\000-\000I\000n\000t\000e\000g\000e\000r\000\040\000M\000a\000p\000p\000i\000n\000g\000s\000\040\000v\000i\000a\000\040\000T\000w\000o\000-\000P\000o\000l\000e\000\040\000S\000t\000e\000r\000e\000o\000g\000r\000a\000p\000h\000i\000c\000\040\000P\000r\000o\000j\000e\000c\000t\000i\000o\000n\000:}{part.1}% 104
\BOOKMARK [1][-]{section.6.1}{\376\377\000A\000b\000s\000t\000r\000a\000c\000t}{chapter.6}% 105
\BOOKMARK [1][-]{section.6.2}{\376\377\0001\000.\000\040\000I\000n\000t\000r\000o\000d\000u\000c\000t\000i\000o\000n}{chapter.6}% 106
\BOOKMARK [2][-]{subsection.6.2.1}{\376\377\0001\000.\0001\000\040\000M\000o\000t\000i\000v\000a\000t\000i\000o\000n}{section.6.2}% 107
\BOOKMARK [2][-]{subsection.6.2.2}{\376\377\0001\000.\0002\000\040\000M\000a\000i\000n\000\040\000R\000e\000s\000u\000l\000t\000s}{section.6.2}% 108
\BOOKMARK [2][-]{subsection.6.2.3}{\376\377\0001\000.\0003\000\040\000O\000r\000g\000a\000n\000i\000z\000a\000t\000i\000o\000n}{section.6.2}% 109
\BOOKMARK [1][-]{section.6.3}{\376\377\0002\000.\000\040\000G\000e\000n\000e\000r\000a\000l\000i\000z\000e\000d\000\040\000P\000o\000l\000e\000\040\000T\000h\000e\000o\000r\000y}{chapter.6}% 110
\BOOKMARK [2][-]{subsection.6.3.1}{\376\377\0002\000.\0001\000\040\000T\000h\000e\000\040\000C\000h\000a\000n\000g\000e\000-\000o\000f\000-\000P\000o\000l\000e\000\040\000M\000a\000p}{section.6.3}% 111
\BOOKMARK [2][-]{subsection.6.3.2}{\376\377\0002\000.\0002\000\040\000G\000e\000o\000m\000e\000t\000r\000i\000c\000\040\000I\000n\000t\000e\000r\000p\000r\000e\000t\000a\000t\000i\000o\000n}{section.6.3}% 112
\BOOKMARK [1][-]{section.6.4}{\376\377\0003\000.\000\040\000T\000w\000o\000-\000P\000o\000l\000e\000\040\000C\000o\000m\000p\000o\000s\000i\000t\000i\000o\000n}{chapter.6}% 113
\BOOKMARK [2][-]{subsection.6.4.1}{\376\377\0003\000.\0001\000\040\000T\000h\000e\000\040\000C\000o\000m\000p\000o\000s\000i\000t\000i\000o\000n\000\040\000F\000o\000r\000m\000u\000l\000a}{section.6.4}% 114
\BOOKMARK [2][-]{subsection.6.4.2}{\376\377\0003\000.\0002\000\040\000T\000h\000e\000\040\000D\000e\000t\000e\000r\000m\000i\000n\000a\000n\000t\000\040\000I\000d\000e\000n\000t\000i\000t\000y}{section.6.4}% 115
\BOOKMARK [1][-]{section.6.5}{\376\377\0004\000.\000\040\000I\000n\000t\000e\000g\000e\000r\000-\000t\000o\000-\000I\000n\000t\000e\000g\000e\000r\000\040\000M\000a\000p\000p\000i\000n\000g\000s}{chapter.6}% 116
\BOOKMARK [2][-]{subsection.6.5.1}{\376\377\0004\000.\0001\000\040\000T\000h\000e\000\040\000D\000i\000v\000i\000s\000i\000b\000i\000l\000i\000t\000y\000\040\000C\000r\000i\000t\000e\000r\000i\000o\000n}{section.6.5}% 117
\BOOKMARK [2][-]{subsection.6.5.2}{\376\377\0004\000.\0002\000\040\000D\000e\000t\000e\000r\000m\000i\000n\000a\000n\000t\000\040\000V\000a\000l\000u\000e\000s\000\040\000f\000o\000r\000\040\000S\000m\000a\000l\000l\000\040\000P\000o\000l\000e\000s}{section.6.5}% 118
\BOOKMARK [2][-]{subsection.6.5.3}{\376\377\0004\000.\0003\000\040\000T\000h\000e\000\040\000W\000e\000a\000k\000\040\000F\000o\000r\000w\000a\000r\000d\000\040\000C\000r\000i\000t\000e\000r\000i\000o\000n}{section.6.5}% 119
\BOOKMARK [1][-]{section.6.6}{\376\377\0005\000.\000\040\000C\000o\000n\000n\000e\000c\000t\000i\000o\000n\000\040\000t\000o\000\040\000G\000a\000u\000s\000s\000i\000a\000n\000\040\000I\000n\000t\000e\000g\000e\000r\000s}{chapter.6}% 120
\BOOKMARK [2][-]{subsection.6.6.1}{\376\377\0005\000.\0001\000\040\000T\000h\000e\000\040\000N\000o\000r\000m\000\040\000P\000r\000o\000d\000u\000c\000t}{section.6.6}% 121
\BOOKMARK [2][-]{subsection.6.6.2}{\376\377\0005\000.\0002\000\040\000T\000h\000e\000\040\000B\000r\000a\000h\000m\000a\000g\000u\000p\000t\000a\000-\000F\000i\000b\000o\000n\000a\000c\000c\000i\000\040\000I\000d\000e\000n\000t\000i\000t\000y}{section.6.6}% 122
\BOOKMARK [2][-]{subsection.6.6.3}{\376\377\0005\000.\0003\000\040\000I\000m\000p\000l\000i\000c\000a\000t\000i\000o\000n\000s}{section.6.6}% 123
\BOOKMARK [1][-]{section.6.7}{\376\377\0006\000.\000\040\000E\000l\000l\000i\000p\000t\000i\000c\000i\000t\000y\000\040\000a\000n\000d\000\040\000F\000i\000n\000i\000t\000e\000\040\000O\000r\000d\000e\000r}{chapter.6}% 124
\BOOKMARK [2][-]{subsection.6.7.1}{\376\377\0006\000.\0001\000\040\000T\000h\000e\000\040\000E\000l\000l\000i\000p\000t\000i\000c\000i\000t\000y\000\040\000T\000h\000e\000o\000r\000e\000m}{section.6.7}% 125
\BOOKMARK [2][-]{subsection.6.7.2}{\376\377\0006\000.\0002\000\040\000T\000h\000e\000\040\000O\000r\000d\000e\000r\000\040\000o\000f\000\040\000F\0000\000,\0001}{section.6.7}% 126
\BOOKMARK [2][-]{subsection.6.7.3}{\376\377\0006\000.\0003\000\040\000O\000r\000d\000e\000r\000\040\000C\000l\000a\000s\000s\000i\000f\000i\000c\000a\000t\000i\000o\000n\000\040\000\050\000C\000o\000n\000j\000e\000c\000t\000u\000r\000a\000l\000\051}{section.6.7}% 127
\BOOKMARK [1][-]{section.6.8}{\376\377\0007\000.\000\040\000C\000o\000m\000p\000u\000t\000a\000t\000i\000o\000n\000a\000l\000\040\000R\000e\000s\000u\000l\000t\000s}{chapter.6}% 128
\BOOKMARK [2][-]{subsection.6.8.1}{\376\377\0007\000.\0001\000\040\000C\000o\000m\000p\000l\000e\000t\000e\000\040\000C\000h\000a\000i\000n\000\040\000A\000n\000a\000l\000y\000s\000i\000s\000\040\000f\000o\000r\000\040\000\050\0000\000,\0001\000\051}{section.6.8}% 129
\BOOKMARK [2][-]{subsection.6.8.2}{\376\377\0007\000.\0002\000\040\000C\000h\000a\000i\000n\000\040\000A\000n\000a\000l\000y\000s\000i\000s\000\040\000f\000o\000r\000\040\000\050\0001\000,\0002\000\051}{section.6.8}% 130
\BOOKMARK [1][-]{section.6.9}{\376\377\0008\000.\000\040\000F\000u\000t\000u\000r\000e\000\040\000D\000i\000r\000e\000c\000t\000i\000o\000n\000s}{chapter.6}% 131
\BOOKMARK [2][-]{subsection.6.9.1}{\376\377\0008\000.\0001\000\040\000O\000p\000e\000n\000\040\000P\000r\000o\000b\000l\000e\000m\000s}{section.6.9}% 132
\BOOKMARK [2][-]{subsection.6.9.2}{\376\377\0008\000.\0002\000\040\000P\000o\000t\000e\000n\000t\000i\000a\000l\000\040\000A\000p\000p\000l\000i\000c\000a\000t\000i\000o\000n\000s}{section.6.9}% 133
\BOOKMARK [1][-]{section.6.10}{\376\377\0009\000.\000\040\000F\000o\000r\000m\000a\000l\000i\000z\000a\000t\000i\000o\000n\000\040\000D\000e\000t\000a\000i\000l\000s}{chapter.6}% 134
\BOOKMARK [1][-]{section.6.11}{\376\377\000R\000e\000f\000e\000r\000e\000n\000c\000e\000s}{chapter.6}% 135
\BOOKMARK [0][-]{chapter.7}{\376\377\000[\000R\000e\000s\000e\000a\000r\000c\000h\000]\000\040\000I\000n\000v\000e\000r\000s\000e\000\040\000S\000t\000e\000r\000e\000o\000g\000r\000a\000p\000h\000i\000c\000\040\000P\000r\000o\000j\000e\000c\000t\000i\000o\000n\000\040\000a\000s\000\040\000a\000\040\000U\000n\000i\000v\000e\000r\000s\000a\000l\000\040\000L\000e\000n\000s\000:}{part.1}% 136
\BOOKMARK [1][-]{section.7.1}{\376\377\000A\000\040\000F\000o\000r\000m\000a\000l\000\040\000I\000n\000v\000e\000s\000t\000i\000g\000a\000t\000i\000o\000n\000\040\000i\000n\000t\000o\000\040\000F\000a\000c\000t\000o\000r\000i\000n\000g\000,\000\040\000C\000o\000m\000p\000r\000e\000s\000s\000i\000o\000n\000,\000\040\000N\000e\000u\000r\000a\000l\000\040\000N\000e\000t\000w\000o\000r\000k\000s\000,\000\040\000Q\000u\000a\000n\000t\000u\000m\000\040\000C\000o\000m\000p\000u\000t\000a\000t\000i\000o\000n\000,\000\040\000R\000e\000l\000a\000t\000i\000v\000i\000t\000y\000,\000\040\000a\000n\000d\000\040\000t\000h\000e\000\040\000M\000i\000l\000l\000e\000n\000n\000i\000u\000m\000\040\000P\000r\000o\000b\000l\000e\000m\000s}{chapter.7}% 137
\BOOKMARK [1][-]{section.7.2}{\376\377\000A\000b\000s\000t\000r\000a\000c\000t}{chapter.7}% 138
\BOOKMARK [1][-]{section.7.3}{\376\377\0001\000.\000\040\000I\000n\000t\000r\000o\000d\000u\000c\000t\000i\000o\000n}{chapter.7}% 139
\BOOKMARK [2][-]{subsection.7.3.1}{\376\377\0001\000.\0001\000\040\000T\000h\000e\000\040\000C\000e\000n\000t\000r\000a\000l\000\040\000O\000b\000j\000e\000c\000t}{section.7.3}% 140
\BOOKMARK [2][-]{subsection.7.3.2}{\376\377\0001\000.\0002\000\040\000R\000e\000s\000e\000a\000r\000c\000h\000\040\000T\000e\000a\000m\000\040\000S\000t\000r\000u\000c\000t\000u\000r\000e}{section.7.3}% 141
\BOOKMARK [2][-]{subsection.7.3.3}{\376\377\0001\000.\0003\000\040\000M\000e\000t\000h\000o\000d\000o\000l\000o\000g\000y}{section.7.3}% 142
\BOOKMARK [1][-]{section.7.4}{\376\377\0002\000.\000\040\000A\000g\000e\000n\000t\000\040\003\243\000:\000\040\000S\000t\000e\000r\000e\000o\000g\000r\000a\000p\000h\000i\000c\000\040\000F\000o\000u\000n\000d\000a\000t\000i\000o\000n\000s}{chapter.7}% 143
\BOOKMARK [2][-]{subsection.7.4.1}{\376\377\0002\000.\0001\000\040\000W\000e\000l\000l\000-\000D\000e\000f\000i\000n\000e\000d\000n\000e\000s\000s}{section.7.4}% 144
\BOOKMARK [2][-]{subsection.7.4.2}{\376\377\0002\000.\0002\000\040\000T\000h\000e\000\040\000C\000i\000r\000c\000l\000e\000\040\000P\000r\000o\000p\000e\000r\000t\000y}{section.7.4}% 145
\BOOKMARK [2][-]{subsection.7.4.3}{\376\377\0002\000.\0003\000\040\000S\000y\000m\000m\000e\000t\000r\000y}{section.7.4}% 146
\BOOKMARK [2][-]{subsection.7.4.4}{\376\377\0002\000.\0004\000\040\000I\000n\000j\000e\000c\000t\000i\000v\000i\000t\000y\000\040\040\024\000\040\000T\000h\000e\000\040\000I\000n\000f\000o\000r\000m\000a\000t\000i\000o\000n\000-\000T\000h\000e\000o\000r\000e\000t\000i\000c\000\040\000F\000o\000u\000n\000d\000a\000t\000i\000o\000n}{section.7.4}% 147
\BOOKMARK [1][-]{section.7.5}{\376\377\0003\000.\000\040\000A\000g\000e\000n\000t\000\040\003\246\000:\000\040\000F\000a\000c\000t\000o\000r\000i\000n\000g\000\040\000T\000h\000r\000o\000u\000g\000h\000\040\000t\000h\000e\000\040\000S\000t\000e\000r\000e\000o\000\040\000L\000e\000n\000s}{chapter.7}% 148
\BOOKMARK [2][-]{subsection.7.5.1}{\376\377\0003\000.\0001\000\040\000T\000h\000e\000\040\000E\000u\000c\000l\000i\000d\000\040\000C\000o\000n\000n\000e\000c\000t\000i\000o\000n}{section.7.5}% 149
\BOOKMARK [2][-]{subsection.7.5.2}{\376\377\0003\000.\0002\000\040\000F\000a\000c\000t\000o\000r\000i\000n\000g\000\040\000a\000n\000d\000\040\000S\000u\000m\000-\000o\000f\000-\000T\000w\000o\000-\000S\000q\000u\000a\000r\000e\000s}{section.7.5}% 150
\BOOKMARK [2][-]{subsection.7.5.3}{\376\377\0003\000.\0003\000\040\000T\000h\000e\000\040\000B\000r\000a\000h\000m\000a\000g\000u\000p\000t\000a\000-\000F\000i\000b\000o\000n\000a\000c\000c\000i\000\040\000I\000d\000e\000n\000t\000i\000t\000y}{section.7.5}% 151
\BOOKMARK [2][-]{subsection.7.5.4}{\376\377\0003\000.\0004\000\040\000G\000C\000D\000-\000B\000a\000s\000e\000d\000\040\000F\000a\000c\000t\000o\000r\000\040\000E\000x\000t\000r\000a\000c\000t\000i\000o\000n}{section.7.5}% 152
\BOOKMARK [1][-]{section.7.6}{\376\377\0004\000.\000\040\000A\000g\000e\000n\000t\000\040\003\250\000:\000\040\000Q\000u\000a\000n\000t\000u\000m\000\040\000C\000o\000m\000p\000u\000t\000a\000t\000i\000o\000n}{chapter.7}% 153
\BOOKMARK [2][-]{subsection.7.6.1}{\376\377\0004\000.\0001\000\040\000T\000h\000e\000\040\000B\000l\000o\000c\000h\000\040\000S\000p\000h\000e\000r\000e\000\040\000C\000o\000n\000n\000e\000c\000t\000i\000o\000n}{section.7.6}% 154
\BOOKMARK [2][-]{subsection.7.6.2}{\376\377\0004\000.\0002\000\040\000G\000a\000u\000s\000s\000i\000a\000n\000\040\000M\000a\000t\000r\000i\000c\000e\000s\000\040\000a\000n\000d\000\040\000Q\000u\000a\000n\000t\000u\000m\000\040\000G\000a\000t\000e\000s}{section.7.6}% 155
\BOOKMARK [2][-]{subsection.7.6.3}{\376\377\0004\000.\0003\000\040\000P\000a\000u\000l\000i\000\040\000A\000l\000g\000e\000b\000r\000a}{section.7.6}% 156
\BOOKMARK [2][-]{subsection.7.6.4}{\376\377\0004\000.\0004\000\040\000I\000m\000p\000l\000i\000c\000a\000t\000i\000o\000n\000s\000\040\000f\000o\000r\000\040\000Q\000u\000a\000n\000t\000u\000m\000\040\000G\000a\000t\000e\000\040\000S\000y\000n\000t\000h\000e\000s\000i\000s}{section.7.6}% 157
\BOOKMARK [1][-]{section.7.7}{\376\377\0005\000.\000\040\000A\000g\000e\000n\000t\000\040\003\251\000:\000\040\000C\000o\000m\000p\000r\000e\000s\000s\000i\000o\000n\000,\000\040\000A\000I\000\040\000\046\000\040\000N\000e\000u\000r\000a\000l\000\040\000N\000e\000t\000w\000o\000r\000k\000s}{chapter.7}% 158
\BOOKMARK [2][-]{subsection.7.7.1}{\376\377\0005\000.\0001\000\040\000U\000n\000i\000v\000e\000r\000s\000a\000l\000\040\000C\000o\000m\000p\000r\000e\000s\000s\000i\000o\000n\000\040\000i\000s\000\040\000I\000m\000p\000o\000s\000s\000i\000b\000l\000e}{section.7.7}% 159
\BOOKMARK [2][-]{subsection.7.7.2}{\376\377\0005\000.\0002\000\040\000S\000t\000e\000r\000e\000o\000\040\000a\000s\000\040\000S\000t\000r\000u\000c\000t\000u\000r\000e\000-\000P\000r\000e\000s\000e\000r\000v\000i\000n\000g\000\040\000E\000n\000c\000o\000d\000i\000n\000g}{section.7.7}% 160
\BOOKMARK [2][-]{subsection.7.7.3}{\376\377\0005\000.\0003\000\040\000T\000h\000e\000\040\000C\000r\000y\000s\000t\000a\000l\000l\000i\000z\000a\000t\000i\000o\000n\000\040\000P\000h\000e\000n\000o\000m\000e\000n\000o\000n}{section.7.7}% 161
\BOOKMARK [2][-]{subsection.7.7.4}{\376\377\0005\000.\0004\000\040\000T\000h\000e\000\040\000C\000o\000m\000p\000r\000e\000s\000s\000i\000o\000n\000-\000S\000t\000r\000u\000c\000t\000u\000r\000e\000\040\000T\000r\000a\000d\000e\000o\000f\000f}{section.7.7}% 162
\BOOKMARK [1][-]{section.7.8}{\376\377\0006\000.\000\040\000A\000g\000e\000n\000t\000\040\003\233\000:\000\040\000R\000e\000l\000a\000t\000i\000v\000i\000t\000y\000\040\000a\000n\000d\000\040\000t\000h\000e\000\040\000M\000i\000l\000l\000e\000n\000n\000i\000u\000m\000\040\000P\000r\000o\000b\000l\000e\000m\000s}{chapter.7}% 163
\BOOKMARK [2][-]{subsection.7.8.1}{\376\377\0006\000.\0001\000\040\000S\000t\000e\000r\000e\000o\000g\000r\000a\000p\000h\000i\000c\000\040\000P\000r\000o\000j\000e\000c\000t\000i\000o\000n\000\040\000a\000n\000d\000\040\000S\000p\000a\000c\000e\000t\000i\000m\000e}{section.7.8}% 164
\BOOKMARK [2][-]{subsection.7.8.2}{\376\377\0006\000.\0002\000\040\000B\000e\000r\000g\000g\000r\000e\000n\000\040\000T\000r\000e\000e\000\040\000a\000s\000\040\000D\000i\000s\000c\000r\000e\000t\000e\000\040\000L\000o\000r\000e\000n\000t\000z\000\040\000G\000r\000o\000u\000p}{section.7.8}% 165
\BOOKMARK [2][-]{subsection.7.8.3}{\376\377\0006\000.\0003\000\040\000T\000h\000e\000\040\000M\000o\000d\000u\000l\000a\000r\000\040\000G\000r\000o\000u\000p}{section.7.8}% 166
\BOOKMARK [2][-]{subsection.7.8.4}{\376\377\0006\000.\0004\000\040\000C\000o\000n\000n\000e\000c\000t\000i\000o\000n\000\040\000t\000o\000\040\000t\000h\000e\000\040\000R\000i\000e\000m\000a\000n\000n\000\040\000H\000y\000p\000o\000t\000h\000e\000s\000i\000s}{section.7.8}% 167
\BOOKMARK [2][-]{subsection.7.8.5}{\376\377\0006\000.\0005\000\040\000P\000r\000i\000m\000e\000\040\000D\000i\000s\000t\000r\000i\000b\000u\000t\000i\000o\000n\000\040\000T\000h\000r\000o\000u\000g\000h\000\040\000t\000h\000e\000\040\000S\000t\000e\000r\000e\000o\000\040\000L\000e\000n\000s}{section.7.8}% 168
\BOOKMARK [2][-]{subsection.7.8.6}{\376\377\0006\000.\0006\000\040\000C\000o\000n\000n\000e\000c\000t\000i\000o\000n\000s\000\040\000t\000o\000\040\000O\000t\000h\000e\000r\000\040\000M\000i\000l\000l\000e\000n\000n\000i\000u\000m\000\040\000P\000r\000o\000b\000l\000e\000m\000s}{section.7.8}% 169
\BOOKMARK [1][-]{section.7.9}{\376\377\0007\000.\000\040\000S\000y\000n\000t\000h\000e\000s\000i\000s\000:\000\040\000T\000h\000e\000\040\000R\000o\000s\000e\000t\000t\000a\000\040\000S\000t\000o\000n\000e\000\040\000T\000h\000e\000o\000r\000e\000m}{chapter.7}% 170
\BOOKMARK [1][-]{section.7.10}{\376\377\0008\000.\000\040\000S\000u\000m\000m\000a\000r\000y\000\040\000o\000f\000\040\000V\000e\000r\000i\000f\000i\000e\000d\000\040\000R\000e\000s\000u\000l\000t\000s}{chapter.7}% 171
\BOOKMARK [1][-]{section.7.11}{\376\377\0009\000.\000\040\000F\000a\000i\000l\000e\000d\000\040\000E\000x\000p\000e\000r\000i\000m\000e\000n\000t\000s\000\040\000\046\000\040\000N\000e\000g\000a\000t\000i\000v\000e\000\040\000R\000e\000s\000u\000l\000t\000s}{chapter.7}% 172
\BOOKMARK [2][-]{subsection.7.11.1}{\376\377\0009\000.\0001\000\040\000S\000t\000e\000r\000e\000o\000\040\000S\000u\000r\000j\000e\000c\000t\000i\000v\000i\000t\000y\000\040\000o\000n\000t\000o\000\040\000S\000\271\000\040\000\040\000\050\0000\000,\000-\0001\000\051}{section.7.11}% 173
\BOOKMARK [2][-]{subsection.7.11.2}{\376\377\0009\000.\0002\000\040\000D\000i\000r\000e\000c\000t\000\040\000P\000r\000o\000o\000f\000\040\000o\000f\000\040\000R\000H\000\040\000C\000o\000n\000n\000e\000c\000t\000i\000o\000n}{section.7.11}% 174
\BOOKMARK [2][-]{subsection.7.11.3}{\376\377\0009\000.\0003\000\040\000C\000o\000m\000p\000l\000e\000x\000i\000t\000y\000\040\000o\000f\000\040\000S\000t\000e\000r\000e\000o\000-\000B\000a\000s\000e\000d\000\040\000F\000a\000c\000t\000o\000r\000i\000n\000g}{section.7.11}% 175
\BOOKMARK [1][-]{section.7.12}{\376\377\0001\0000\000.\000\040\000O\000p\000e\000n\000\040\000Q\000u\000e\000s\000t\000i\000o\000n\000s\000\040\000\046\000\040\000F\000u\000t\000u\000r\000e\000\040\000D\000i\000r\000e\000c\000t\000i\000o\000n\000s}{chapter.7}% 176
\BOOKMARK [2][-]{subsection.7.12.1}{\376\377\0001\0000\000.\0001\000\040\000S\000t\000e\000r\000e\000o\000-\000Q\000u\000a\000n\000t\000u\000m\000\040\000G\000a\000t\000e\000\040\000S\000y\000n\000t\000h\000e\000s\000i\000s}{section.7.12}% 177
\BOOKMARK [2][-]{subsection.7.12.2}{\376\377\0001\0000\000.\0002\000\040\000C\000r\000y\000s\000t\000a\000l\000l\000i\000z\000e\000r\000\040\000C\000o\000n\000v\000e\000r\000g\000e\000n\000c\000e}{section.7.12}% 178
\BOOKMARK [2][-]{subsection.7.12.3}{\376\377\0001\0000\000.\0003\000\040\000H\000i\000g\000h\000e\000r\000-\000D\000i\000m\000e\000n\000s\000i\000o\000n\000a\000l\000\040\000G\000e\000n\000e\000r\000a\000l\000i\000z\000a\000t\000i\000o\000n}{section.7.12}% 179
\BOOKMARK [2][-]{subsection.7.12.4}{\376\377\0001\0000\000.\0004\000\040\000M\000o\000d\000u\000l\000a\000r\000\040\000F\000o\000r\000m\000s\000\040\000a\000n\000d\000\040\000N\000e\000u\000r\000a\000l\000\040\000N\000e\000t\000w\000o\000r\000k\000s}{section.7.12}% 180
\BOOKMARK [2][-]{subsection.7.12.5}{\376\377\0001\0000\000.\0005\000\040\000T\000h\000e\000\040\000L\000a\000n\000g\000l\000a\000n\000d\000s\000\040\000C\000o\000n\000n\000e\000c\000t\000i\000o\000n}{section.7.12}% 181
\BOOKMARK [1][-]{section.7.13}{\376\377\0001\0001\000.\000\040\000C\000o\000n\000c\000l\000u\000s\000i\000o\000n\000s}{chapter.7}% 182
\BOOKMARK [1][-]{section.7.14}{\376\377\000A\000p\000p\000e\000n\000d\000i\000x\000\040\000A\000:\000\040\000P\000r\000o\000o\000f\000\040\000T\000e\000c\000h\000n\000i\000q\000u\000e\000s\000\040\000U\000s\000e\000d}{chapter.7}% 183
\BOOKMARK [1][-]{section.7.15}{\376\377\000A\000p\000p\000e\000n\000d\000i\000x\000\040\000B\000:\000\040\000A\000x\000i\000o\000m\000s\000\040\000U\000s\000e\000d}{chapter.7}% 184
\BOOKMARK [0][-]{chapter.8}{\376\377\000[\000R\000e\000s\000e\000a\000r\000c\000h\000]\000\040\000T\000h\000e\000\040\000U\000n\000i\000v\000e\000r\000s\000a\000l\000\040\000D\000e\000c\000o\000d\000e\000r\000:\000\040\000S\000t\000e\000r\000e\000o\000g\000r\000a\000p\000h\000i\000c\000\040\000P\000r\000o\000j\000e\000c\000t\000i\000o\000n\000\040\000a\000s\000\040\000t\000h\000e\000\040\000R\000o\000s\000e\000t\000t\000a\000\040\000S\000t\000o\000n\000e\000\040\000o\000f\000\040\000M\000a\000t\000h\000e\000m\000a\000t\000i\000c\000s}{part.1}% 185
\BOOKMARK [1][-]{section.8.1}{\376\377\000M\000a\000c\000h\000i\000n\000e\000-\000V\000e\000r\000i\000f\000i\000e\000d\000\040\000T\000r\000a\000n\000s\000l\000a\000t\000i\000o\000n\000s\000\040\000B\000e\000t\000w\000e\000e\000n\000\040\000N\000u\000m\000b\000e\000r\000\040\000T\000h\000e\000o\000r\000y\000,\000\040\000G\000e\000o\000m\000e\000t\000r\000y\000,\000\040\000A\000l\000g\000e\000b\000r\000a\000,\000\040\000T\000o\000p\000o\000l\000o\000g\000y\000,\000\040\000P\000h\000y\000s\000i\000c\000s\000,\000\040\000a\000n\000d\000\040\000I\000n\000f\000o\000r\000m\000a\000t\000i\000o\000n\000\040\000T\000h\000e\000o\000r\000y}{chapter.8}% 186
\BOOKMARK [1][-]{section.8.2}{\376\377\000A\000b\000s\000t\000r\000a\000c\000t}{chapter.8}% 187
\BOOKMARK [1][-]{section.8.3}{\376\377\0001\000.\000\040\000I\000n\000t\000r\000o\000d\000u\000c\000t\000i\000o\000n}{chapter.8}% 188
\BOOKMARK [2][-]{subsection.8.3.1}{\376\377\0001\000.\0001\000\040\000T\000h\000e\000\040\000C\000e\000n\000t\000r\000a\000l\000\040\000Q\000u\000e\000s\000t\000i\000o\000n}{section.8.3}% 189
\BOOKMARK [2][-]{subsection.8.3.2}{\376\377\0001\000.\0002\000\040\000T\000h\000e\000\040\000D\000e\000c\000o\000d\000e\000r\000\040\000M\000e\000t\000a\000p\000h\000o\000r}{section.8.3}% 190
\BOOKMARK [2][-]{subsection.8.3.3}{\376\377\0001\000.\0003\000\040\000S\000u\000m\000m\000a\000r\000y\000\040\000o\000f\000\040\000R\000e\000s\000u\000l\000t\000s}{section.8.3}% 191
\BOOKMARK [1][-]{section.8.4}{\376\377\0002\000.\000\040\000T\000h\000e\000\040\000C\000o\000r\000e\000\040\000D\000e\000c\000o\000d\000e\000r}{chapter.8}% 192
\BOOKMARK [2][-]{subsection.8.4.1}{\376\377\0002\000.\0001\000\040\000D\000e\000f\000i\000n\000i\000t\000i\000o\000n\000\040\000a\000n\000d\000\040\000B\000a\000s\000i\000c\000\040\000P\000r\000o\000p\000e\000r\000t\000i\000e\000s}{section.8.4}% 193
\BOOKMARK [2][-]{subsection.8.4.2}{\376\377\0002\000.\0002\000\040\000T\000h\000e\000\040\000G\000r\000a\000m\000m\000a\000r\000:\000\040\000S\000y\000m\000m\000e\000t\000r\000i\000e\000s}{section.8.4}% 194
\BOOKMARK [2][-]{subsection.8.4.3}{\376\377\0002\000.\0003\000\040\000T\000h\000e\000\040\000C\000o\000m\000p\000o\000s\000i\000t\000i\000o\000n\000\040\000L\000a\000w}{section.8.4}% 195
\BOOKMARK [2][-]{subsection.8.4.4}{\376\377\0002\000.\0004\000\040\000T\000h\000e\000\040\000E\000u\000c\000l\000i\000d\000\040\000B\000r\000i\000d\000g\000e}{section.8.4}% 196
\BOOKMARK [1][-]{section.8.5}{\376\377\0003\000.\000\040\000T\000h\000e\000\040\000R\000o\000s\000e\000t\000t\000a\000\040\000S\000t\000o\000n\000e\000:\000\040\000C\000r\000o\000s\000s\000-\000D\000o\000m\000a\000i\000n\000\040\000T\000r\000a\000n\000s\000l\000a\000t\000i\000o\000n\000s}{chapter.8}% 197
\BOOKMARK [2][-]{subsection.8.5.1}{\376\377\0003\000.\0001\000\040\000T\000h\000e\000\040\000C\000a\000y\000l\000e\000y\000\040\000T\000r\000a\000n\000s\000f\000o\000r\000m}{section.8.5}% 198
\BOOKMARK [2][-]{subsection.8.5.2}{\376\377\0003\000.\0002\000\040\000T\000h\000e\000\040\000R\000a\000t\000i\000o\000n\000a\000l\000\040\000C\000i\000r\000c\000l\000e\000\040\000G\000r\000o\000u\000p}{section.8.5}% 199
\BOOKMARK [2][-]{subsection.8.5.3}{\376\377\0003\000.\0003\000\040\000T\000h\000e\000\040\000G\000a\000u\000s\000s\000i\000a\000n\000\040\000C\000o\000m\000p\000o\000s\000i\000t\000i\000o\000n\000\040\000L\000a\000w}{section.8.5}% 200
\BOOKMARK [2][-]{subsection.8.5.4}{\376\377\0003\000.\0004\000\040\000T\000h\000e\000\040\000H\000u\000r\000w\000i\000t\000z\000\040\000T\000o\000w\000e\000r}{section.8.5}% 201
\BOOKMARK [2][-]{subsection.8.5.5}{\376\377\0003\000.\0005\000\040\000C\000r\000o\000s\000s\000-\000R\000a\000t\000i\000o\000\040\000I\000n\000v\000a\000r\000i\000a\000n\000c\000e}{section.8.5}% 202
\BOOKMARK [2][-]{subsection.8.5.6}{\376\377\0003\000.\0006\000\040\000T\000h\000e\000\040\000P\000e\000l\000l\000\040\000E\000q\000u\000a\000t\000i\000o\000n\000:\000\040\000H\000y\000p\000e\000r\000b\000o\000l\000i\000c\000\040\000D\000e\000c\000o\000d\000e\000r}{section.8.5}% 203
\BOOKMARK [2][-]{subsection.8.5.7}{\376\377\0003\000.\0007\000\040\000T\000h\000e\000\040\000H\000o\000p\000f\000\040\000F\000i\000b\000r\000a\000t\000i\000o\000n\000:\000\040\0004\000D\000\040\000D\000e\000c\000o\000d\000e\000r}{section.8.5}% 204
\BOOKMARK [2][-]{subsection.8.5.8}{\376\377\0003\000.\0008\000\040\000F\000o\000r\000d\000\040\000C\000i\000r\000c\000l\000e\000\040\000T\000a\000n\000g\000e\000n\000c\000y}{section.8.5}% 205
\BOOKMARK [1][-]{section.8.6}{\376\377\0004\000.\000\040\000A\000p\000p\000l\000i\000c\000a\000t\000i\000o\000n\000s\000:\000\040\000M\000o\000o\000n\000s\000h\000o\000t\000\040\000a\000n\000d\000\040\000S\000c\000i\000-\000F\000i}{chapter.8}% 206
\BOOKMARK [2][-]{subsection.8.6.1}{\376\377\0004\000.\0001\000\040\000E\000r\000r\000o\000r\000-\000C\000o\000r\000r\000e\000c\000t\000i\000n\000g\000\040\000C\000o\000d\000e\000s\000\040\000f\000r\000o\000m\000\040\000L\000a\000t\000t\000i\000c\000e\000s}{section.8.6}% 207
\BOOKMARK [2][-]{subsection.8.6.2}{\376\377\0004\000.\0002\000\040\000Q\000u\000a\000n\000t\000u\000m\000\040\000G\000a\000t\000e\000\040\000S\000y\000n\000t\000h\000e\000s\000i\000s}{section.8.6}% 208
\BOOKMARK [2][-]{subsection.8.6.3}{\376\377\0004\000.\0003\000\040\000M\000u\000s\000i\000c\000\040\000T\000h\000e\000o\000r\000y\000:\000\040\000T\000h\000e\000\040\000H\000a\000r\000m\000o\000n\000i\000c\000\040\000D\000e\000c\000o\000d\000e\000r}{section.8.6}% 209
\BOOKMARK [2][-]{subsection.8.6.4}{\376\377\0004\000.\0004\000\040\000P\000r\000o\000t\000e\000i\000n\000\040\000F\000o\000l\000d\000i\000n\000g\000:\000\040\000T\000h\000e\000\040\000T\000o\000r\000u\000s\000\040\000D\000e\000c\000o\000d\000e\000r}{section.8.6}% 210
\BOOKMARK [2][-]{subsection.8.6.5}{\376\377\0004\000.\0005\000\040\000T\000o\000p\000o\000l\000o\000g\000i\000c\000a\000l\000\040\000Q\000u\000a\000n\000t\000u\000m\000\040\000C\000o\000m\000p\000u\000t\000i\000n\000g\000:\000\040\000T\000h\000e\000\040\000G\000o\000l\000d\000e\000n\000\040\000C\000h\000a\000n\000n\000e\000l}{section.8.6}% 211
\BOOKMARK [2][-]{subsection.8.6.6}{\376\377\0004\000.\0006\000\040\000A\000d\000S\000/\000C\000F\000T\000:\000\040\000T\000h\000e\000\040\000H\000o\000l\000o\000g\000r\000a\000p\000h\000i\000c\000\040\000D\000e\000c\000o\000d\000e\000r}{section.8.6}% 212
\BOOKMARK [2][-]{subsection.8.6.7}{\376\377\0004\000.\0007\000\040\000R\000e\000l\000a\000t\000i\000v\000i\000s\000t\000i\000c\000\040\000E\000r\000r\000o\000r\000\040\000C\000o\000r\000r\000e\000c\000t\000i\000o\000n\000:\000\040\000T\000h\000e\000\040\000L\000o\000r\000e\000n\000t\000z\000\040\000D\000e\000c\000o\000d\000e\000r}{section.8.6}% 213
\BOOKMARK [2][-]{subsection.8.6.8}{\376\377\0004\000.\0008\000\040\000C\000o\000s\000m\000o\000l\000o\000g\000i\000c\000a\000l\000\040\000D\000e\000c\000o\000d\000i\000n\000g\000:\000\040\000T\000h\000e\000\040\000C\000M\000B}{section.8.6}% 214
\BOOKMARK [1][-]{section.8.7}{\376\377\0005\000.\000\040\000T\000h\000e\000\040\000C\000o\000m\000p\000l\000e\000t\000e\000\040\000D\000e\000c\000o\000d\000e\000r\000\040\000T\000a\000b\000l\000e\000:\000\040\0001\0006\000\040\000C\000h\000a\000n\000n\000e\000l\000s}{chapter.8}% 215
\BOOKMARK [1][-]{section.8.8}{\376\377\0006\000.\000\040\000T\000h\000e\000\040\000U\000n\000i\000v\000e\000r\000s\000a\000l\000\040\000L\000a\000n\000g\000u\000a\000g\000e\000:\000\040\000A\000\040\000P\000h\000i\000l\000o\000s\000o\000p\000h\000i\000c\000a\000l\000\040\000I\000n\000t\000e\000r\000p\000r\000e\000t\000a\000t\000i\000o\000n}{chapter.8}% 216
\BOOKMARK [2][-]{subsection.8.8.1}{\376\377\0006\000.\0001\000\040\000T\000h\000e\000\040\000I\000n\000t\000e\000g\000e\000r\000s\000\040\000A\000r\000e\000\040\000S\000p\000e\000a\000k\000i\000n\000g}{section.8.8}% 217
\BOOKMARK [2][-]{subsection.8.8.2}{\376\377\0006\000.\0002\000\040\000W\000h\000y\000\040\000T\000h\000i\000s\000\040\000L\000a\000n\000g\000u\000a\000g\000e\000\040\000i\000s\000\040\000U\000n\000i\000v\000e\000r\000s\000a\000l}{section.8.8}% 218
\BOOKMARK [2][-]{subsection.8.8.3}{\376\377\0006\000.\0003\000\040\000T\000h\000e\000\040\000D\000e\000c\000o\000d\000e\000r\000\040\000a\000s\000\040\000a\000\040\000F\000u\000n\000c\000t\000o\000r}{section.8.8}% 219
\BOOKMARK [1][-]{section.8.9}{\376\377\0007\000.\000\040\000F\000u\000t\000u\000r\000e\000\040\000R\000e\000s\000e\000a\000r\000c\000h\000\040\000D\000i\000r\000e\000c\000t\000i\000o\000n\000s}{chapter.8}% 220
\BOOKMARK [2][-]{subsection.8.9.1}{\376\377\0007\000.\0001\000\040\000N\000e\000a\000r\000-\000T\000e\000r\000m\000\040\000\050\000F\000o\000r\000m\000a\000l\000i\000z\000a\000b\000l\000e\000\040\000N\000o\000w\000\051}{section.8.9}% 221
\BOOKMARK [2][-]{subsection.8.9.2}{\376\377\0007\000.\0002\000\040\000M\000e\000d\000i\000u\000m\000-\000T\000e\000r\000m\000\040\000\050\000R\000e\000q\000u\000i\000r\000e\000s\000\040\000N\000e\000w\000\040\000I\000n\000f\000r\000a\000s\000t\000r\000u\000c\000t\000u\000r\000e\000\051}{section.8.9}% 222
\BOOKMARK [2][-]{subsection.8.9.3}{\376\377\0007\000.\0003\000\040\000L\000o\000n\000g\000-\000T\000e\000r\000m\000\040\000\050\000M\000o\000o\000n\000s\000h\000o\000t\000\051}{section.8.9}% 223
\BOOKMARK [1][-]{section.8.10}{\376\377\0008\000.\000\040\000C\000o\000n\000c\000l\000u\000s\000i\000o\000n}{chapter.8}% 224
\BOOKMARK [1][-]{section.8.11}{\376\377\000A\000c\000k\000n\000o\000w\000l\000e\000d\000g\000m\000e\000n\000t\000s}{chapter.8}% 225
\BOOKMARK [1][-]{section.8.12}{\376\377\000A\000p\000p\000e\000n\000d\000i\000x\000\040\000A\000:\000\040\000C\000o\000m\000p\000l\000e\000t\000e\000\040\000T\000h\000e\000o\000r\000e\000m\000\040\000L\000i\000s\000t}{chapter.8}% 226
\BOOKMARK [1][-]{section.8.13}{\376\377\000A\000p\000p\000e\000n\000d\000i\000x\000\040\000B\000:\000\040\000T\000h\000e\000\040\000D\000e\000c\000o\000d\000e\000r\000\040\000i\000n\000\040\000C\000o\000d\000e}{chapter.8}% 227
\BOOKMARK [1][-]{section.8.14}{\376\377\000A\000p\000p\000e\000n\000d\000i\000x\000\040\000C\000:\000\040\000F\000u\000t\000u\000r\000e\000\040\000R\000e\000s\000e\000a\000r\000c\000h\000\040\000D\000i\000r\000e\000c\000t\000i\000o\000n\000s\000\040\000S\000u\000m\000m\000a\000r\000y}{chapter.8}% 228
\BOOKMARK [-1][-]{part.2}{\376\377\000I\000I\000\040\000P\000y\000t\000h\000a\000g\000o\000r\000e\000a\000n\000\040\000T\000r\000i\000p\000l\000e\000s\000\040\000\046\000\040\000t\000h\000e\000\040\000B\000e\000r\000g\000g\000r\000e\000n\000\040\000T\000r\000e\000e}{}% 229
\BOOKMARK [0][-]{chapter.9}{\376\377\000[\000S\000c\000i\000A\000m\000]\000\040\000T\000u\000r\000n\000i\000n\000g\000\040\000P\000h\000o\000t\000o\000n\000s\000\040\000I\000n\000s\000i\000d\000e\000\040\000O\000u\000t\000:\000\040\000H\000o\000w\000\040\000a\000n\000\040\000A\000n\000c\000i\000e\000n\000t\000\040\000N\000u\000m\000b\000e\000r\000\040\000T\000h\000e\000o\000r\000y\000\040\000T\000r\000e\000e\000\040\000M\000a\000p\000s\000\040\000t\000h\000e\000\040\000S\000t\000r\000u\000c\000t\000u\000r\000e\000\040\000o\000f\000\040\000L\000i\000g\000h\000t}{part.2}% 230
\BOOKMARK [1][-]{section.9.1}{\376\377\000T\000h\000e\000\040\000T\000r\000e\000e\000\040\000T\000h\000a\000t\000\040\000G\000r\000o\000w\000s\000\040\000i\000n\000\040\000T\000h\000r\000e\000e\000\040\000D\000i\000m\000e\000n\000s\000i\000o\000n\000s}{chapter.9}% 231
\BOOKMARK [1][-]{section.9.2}{\376\377\000T\000u\000r\000n\000i\000n\000g\000\040\000t\000h\000e\000\040\000T\000r\000e\000e\000\040\000I\000n\000s\000i\000d\000e\000\040\000O\000u\000t}{chapter.9}% 232
\BOOKMARK [1][-]{section.9.3}{\376\377\000T\000h\000e\000\040\000P\000h\000o\000t\000o\000n\000\040\000C\000o\000n\000n\000e\000c\000t\000i\000o\000n}{chapter.9}% 233
\BOOKMARK [1][-]{section.9.4}{\376\377\000T\000h\000e\000\040\000F\000o\000u\000r\000t\000h\000\040\000B\000r\000a\000n\000c\000h\000:\000\040\000T\000i\000m\000e}{chapter.9}% 234
\BOOKMARK [1][-]{section.9.5}{\376\377\000W\000h\000a\000t\000\040\000t\000h\000e\000\040\000C\000o\000m\000p\000u\000t\000e\000r\000\040\000P\000r\000o\000v\000e\000d}{chapter.9}% 235
\BOOKMARK [1][-]{section.9.6}{\376\377\000A\000\040\000H\000i\000d\000d\000e\000n\000\040\000S\000y\000m\000m\000e\000t\000r\000y\000:\000\040\000P\000h\000o\000t\000o\000n\000\040\000P\000a\000r\000i\000t\000y}{chapter.9}% 236
\BOOKMARK [1][-]{section.9.7}{\376\377\000T\000w\000o\000\040\000P\000h\000o\000t\000o\000n\000s\000\040\000D\000o\000n\000'\000t\000\040\000M\000a\000k\000e\000\040\000a\000\040\000P\000h\000o\000t\000o\000n}{chapter.9}% 237
\BOOKMARK [1][-]{section.9.8}{\376\377\000T\000h\000e\000\040\000I\000n\000s\000i\000d\000e\000-\000O\000u\000t\000\040\000U\000n\000i\000v\000e\000r\000s\000e}{chapter.9}% 238
\BOOKMARK [2][-]{subsection.9.8.1}{\376\377\000S\000i\000d\000e\000b\000a\000r\000:\000\040\000H\000o\000w\000\040\000t\000o\000\040\000R\000e\000a\000d\000\040\000a\000\040\000P\000h\000o\000t\000o\000n\000'\000s\000\040\000A\000d\000d\000r\000e\000s\000s}{section.9.8}% 239
\BOOKMARK [2][-]{subsection.9.8.2}{\376\377\000S\000i\000d\000e\000b\000a\000r\000:\000\040\000T\000h\000e\000\040\000N\000u\000m\000b\000e\000r\000s}{section.9.8}% 240
\BOOKMARK [0][-]{chapter.10}{\376\377\000[\000R\000e\000s\000e\000a\000r\000c\000h\000]\000\040\000T\000h\000e\000\040\000I\000n\000v\000e\000r\000s\000e\000\040\000P\000y\000t\000h\000a\000g\000o\000r\000e\000a\000n\000\040\000T\000r\000i\000p\000l\000e\000t\000\040\000T\000r\000e\000e\000:\000\040\000A\000\040\000\050\0003\000+\0001\000\051\000-\000D\000i\000m\000e\000n\000s\000i\000o\000n\000a\000l\000\040\000S\000p\000a\000c\000e\000t\000i\000m\000e\000\040\000S\000t\000r\000u\000c\000t\000u\000r\000e\000\040\000f\000o\000r\000\040\000P\000h\000o\000t\000o\000n\000\040\000E\000n\000u\000m\000e\000r\000a\000t\000i\000o\000n}{part.2}% 241
\BOOKMARK [1][-]{section.10.1}{\376\377\000R\000e\000s\000e\000a\000r\000c\000h\000\040\000P\000a\000p\000e\000r\000\040\040\024\000\040\000M\000a\000c\000h\000i\000n\000e\000-\000V\000e\000r\000i\000f\000i\000e\000d\000\040\000M\000a\000t\000h\000e\000m\000a\000t\000i\000c\000a\000l\000\040\000F\000o\000u\000n\000d\000a\000t\000i\000o\000n\000s}{chapter.10}% 242
\BOOKMARK [2][-]{subsection.10.1.1}{\376\377\000A\000u\000t\000h\000o\000r\000s}{section.10.1}% 243
\BOOKMARK [1][-]{section.10.2}{\376\377\000A\000b\000s\000t\000r\000a\000c\000t}{chapter.10}% 244
\BOOKMARK [1][-]{section.10.3}{\376\377\0001\000.\000\040\000I\000n\000t\000r\000o\000d\000u\000c\000t\000i\000o\000n}{chapter.10}% 245
\BOOKMARK [2][-]{subsection.10.3.1}{\376\377\0001\000.\0001\000\040\000T\000h\000e\000\040\000C\000l\000a\000s\000s\000i\000c\000a\000l\000\040\000P\000y\000t\000h\000a\000g\000o\000r\000e\000a\000n\000\040\000T\000r\000i\000p\000l\000e\000\040\000T\000r\000e\000e}{section.10.3}% 246
\BOOKMARK [2][-]{subsection.10.3.2}{\376\377\0001\000.\0002\000\040\000T\000h\000e\000\040\000C\000e\000n\000t\000r\000a\000l\000\040\000H\000y\000p\000o\000t\000h\000e\000s\000i\000s}{section.10.3}% 247
\BOOKMARK [1][-]{section.10.4}{\376\377\0002\000.\000\040\000T\000h\000e\000\040\000F\000o\000r\000w\000a\000r\000d\000\040\000T\000r\000e\000e\000:\000\040\000T\000h\000r\000e\000e\000\040\000S\000p\000a\000t\000i\000a\000l\000\040\000B\000r\000a\000n\000c\000h\000e\000s}{chapter.10}% 248
\BOOKMARK [2][-]{subsection.10.4.1}{\376\377\0002\000.\0001\000\040\000P\000r\000e\000s\000e\000r\000v\000a\000t\000i\000o\000n\000\040\000T\000h\000e\000o\000r\000e\000m\000s}{section.10.4}% 249
\BOOKMARK [2][-]{subsection.10.4.2}{\376\377\0002\000.\0002\000\040\000H\000y\000p\000o\000t\000e\000n\000u\000s\000e\000\040\000G\000r\000o\000w\000t\000h}{section.10.4}% 250
\BOOKMARK [2][-]{subsection.10.4.3}{\376\377\0002\000.\0003\000\040\000C\000o\000m\000p\000u\000t\000a\000t\000i\000o\000n\000a\000l\000\040\000V\000e\000r\000i\000f\000i\000c\000a\000t\000i\000o\000n}{section.10.4}% 251
\BOOKMARK [1][-]{section.10.5}{\376\377\0003\000.\000\040\000T\000h\000e\000\040\000I\000n\000v\000e\000r\000s\000e\000\040\000T\000r\000e\000e\000:\000\040\000C\000o\000n\000v\000e\000r\000g\000e\000n\000t\000\040\000F\000l\000o\000w}{chapter.10}% 252
\BOOKMARK [2][-]{subsection.10.5.1}{\376\377\0003\000.\0001\000\040\000M\000a\000t\000r\000i\000x\000\040\000I\000n\000v\000e\000r\000s\000i\000o\000n}{section.10.5}% 253
\BOOKMARK [2][-]{subsection.10.5.2}{\376\377\0003\000.\0002\000\040\000T\000h\000e\000\040\000I\000n\000s\000i\000d\000e\000-\000O\000u\000t\000\040\000I\000n\000t\000e\000r\000p\000r\000e\000t\000a\000t\000i\000o\000n}{section.10.5}% 254
\BOOKMARK [1][-]{section.10.6}{\376\377\0004\000.\000\040\000T\000h\000e\000\040\000F\000o\000u\000r\000t\000h\000\040\000B\000r\000a\000n\000c\000h\000:\000\040\000T\000i\000m\000e\000\040\000D\000i\000m\000e\000n\000s\000i\000o\000n}{chapter.10}% 255
\BOOKMARK [2][-]{subsection.10.6.1}{\376\377\0004\000.\0001\000\040\000F\000r\000o\000m\000\040\000T\000r\000i\000p\000l\000e\000s\000\040\000t\000o\000\040\000Q\000u\000a\000d\000r\000u\000p\000l\000e\000s}{section.10.6}% 256
\BOOKMARK [2][-]{subsection.10.6.2}{\376\377\0004\000.\0002\000\040\000T\000i\000m\000e\000\040\000R\000e\000v\000e\000r\000s\000a\000l}{section.10.6}% 257
\BOOKMARK [2][-]{subsection.10.6.3}{\376\377\0004\000.\0003\000\040\000T\000h\000e\000\040\000C\000o\000m\000p\000l\000e\000t\000e\000\040\0004\000-\000B\000r\000a\000n\000c\000h\000\040\000S\000t\000r\000u\000c\000t\000u\000r\000e}{section.10.6}% 258
\BOOKMARK [1][-]{section.10.7}{\376\377\0005\000.\000\040\000P\000a\000r\000i\000t\000y\000\040\000I\000n\000v\000a\000r\000i\000a\000n\000t\000s\000:\000\040\000P\000h\000o\000t\000o\000n\000\040\000Q\000u\000a\000n\000t\000u\000m\000\040\000N\000u\000m\000b\000e\000r\000s}{chapter.10}% 259
\BOOKMARK [2][-]{subsection.10.7.1}{\376\377\0005\000.\0001\000\040\000T\000h\000e\000\040\000M\000o\000d\000-\0002\000\040\000I\000n\000v\000a\000r\000i\000a\000n\000t}{section.10.7}% 260
\BOOKMARK [2][-]{subsection.10.7.2}{\376\377\0005\000.\0002\000\040\000N\000o\000n\000-\000A\000d\000d\000i\000t\000i\000v\000i\000t\000y\000\040\000o\000f\000\040\000N\000u\000l\000l\000\040\000V\000e\000c\000t\000o\000r\000s}{section.10.7}% 261
\BOOKMARK [1][-]{section.10.8}{\376\377\0006\000.\000\040\000O\000r\000a\000c\000l\000e\000\040\000C\000o\000n\000s\000u\000l\000t\000a\000t\000i\000o\000n\000:\000\040\000T\000h\000e\000\040\000D\000e\000e\000p\000\040\000S\000t\000r\000u\000c\000t\000u\000r\000e}{chapter.10}% 262
\BOOKMARK [2][-]{subsection.10.8.1}{\376\377\0006\000.\0001\000\040\000T\000h\000e\000\040\000O\000r\000a\000c\000l\000e\000'\000s\000\040\000R\000e\000s\000p\000o\000n\000s\000e}{section.10.8}% 263
\BOOKMARK [2][-]{subsection.10.8.2}{\376\377\0006\000.\0002\000\040\000P\000r\000e\000d\000i\000c\000t\000i\000o\000n\000s\000\040\000a\000n\000d\000\040\000O\000p\000e\000n\000\040\000Q\000u\000e\000s\000t\000i\000o\000n\000s}{section.10.8}% 264
\BOOKMARK [1][-]{section.10.9}{\376\377\0007\000.\000\040\000E\000x\000p\000e\000r\000i\000m\000e\000n\000t\000a\000l\000\040\000D\000a\000t\000a}{chapter.10}% 265
\BOOKMARK [2][-]{subsection.10.9.1}{\376\377\0007\000.\0001\000\040\000T\000r\000e\000e\000\040\000S\000t\000a\000t\000i\000s\000t\000i\000c\000s}{section.10.9}% 266
\BOOKMARK [2][-]{subsection.10.9.2}{\376\377\0007\000.\0002\000\040\000Q\000u\000a\000d\000r\000u\000p\000l\000e\000\040\000V\000e\000r\000i\000f\000i\000c\000a\000t\000i\000o\000n}{section.10.9}% 267
\BOOKMARK [1][-]{section.10.10}{\376\377\0008\000.\000\040\000F\000o\000r\000m\000a\000l\000\040\000V\000e\000r\000i\000f\000i\000c\000a\000t\000i\000o\000n\000\040\000S\000u\000m\000m\000a\000r\000y}{chapter.10}% 268
\BOOKMARK [1][-]{section.10.11}{\376\377\0009\000.\000\040\000C\000o\000n\000c\000l\000u\000s\000i\000o\000n}{chapter.10}% 269
\BOOKMARK [1][-]{section.10.12}{\376\377\000R\000e\000f\000e\000r\000e\000n\000c\000e\000s}{chapter.10}% 270
\BOOKMARK [0][-]{chapter.11}{\376\377\000[\000R\000e\000s\000e\000a\000r\000c\000h\000]\000\040\000T\000h\000e\000\040\000B\000e\000r\000g\000g\000r\000e\000n\000\040\000H\000o\000m\000i\000n\000g\000\040\000M\000i\000s\000s\000i\000l\000e\000:\000\040\000M\000a\000c\000h\000i\000n\000e\000-\000V\000e\000r\000i\000f\000i\000e\000d\000\040\000M\000a\000t\000h\000e\000m\000a\000t\000i\000c\000a\000l\000\040\000A\000n\000a\000l\000y\000s\000i\000s}{part.2}% 271
\BOOKMARK [1][-]{section.11.1}{\376\377\000C\000o\000m\000p\000r\000e\000h\000e\000n\000s\000i\000v\000e\000\040\000R\000e\000s\000e\000a\000r\000c\000h\000\040\000P\000a\000p\000e\000r}{chapter.11}% 272
\BOOKMARK [2][-]{subsection.11.1.1}{\376\377\000A\000b\000s\000t\000r\000a\000c\000t}{section.11.1}% 273
\BOOKMARK [1][-]{section.11.2}{\376\377\0001\000.\000\040\000T\000h\000e\000\040\000C\000o\000r\000e\000\040\000R\000e\000s\000u\000l\000t\000s}{chapter.11}% 274
\BOOKMARK [2][-]{subsection.11.2.1}{\376\377\0001\000.\0001\000\040\000T\000h\000e\000\040\000E\000r\000r\000o\000r\000\040\000S\000i\000g\000n\000a\000l\000\040\000\050\000H\000o\000m\000i\000n\000g\000M\000i\000s\000s\000i\000l\000e\000.\000l\000e\000a\000n\000\051}{section.11.2}% 275
